Archive member included to satisfy reference by file (symbol)

.\CortexM3\ARM_GCC_541\Debug\Design01.a(Motor_1_IN_1.o)
                              .\CortexM3\ARM_GCC_541\Debug\main.o (Motor_1_IN_1_Write)
.\CortexM3\ARM_GCC_541\Debug\Design01.a(Motor_1_IN_2.o)
                              .\CortexM3\ARM_GCC_541\Debug\main.o (Motor_1_IN_2_Write)
.\CortexM3\ARM_GCC_541\Debug\Design01.a(CyLib.o)
                              .\CortexM3\ARM_GCC_541\Debug\Cm3Start.o (CyHalt)
.\CortexM3\ARM_GCC_541\Debug\Design01.a(cyPm.o)
                              .\CortexM3\ARM_GCC_541\Debug\Design01.a(CyLib.o) (CyPmReadStatus)
.\CortexM3\ARM_GCC_541\Debug\Design01.a(PWM_1.o)
                              .\CortexM3\ARM_GCC_541\Debug\main.o (PWM_1_WriteCompare)
.\CortexM3\ARM_GCC_541\Debug\Design01.a(QuadDec_1.o)
                              .\CortexM3\ARM_GCC_541\Debug\main.o (QuadDec_1_GetCounter)
.\CortexM3\ARM_GCC_541\Debug\Design01.a(QuadDec_1_Cnt16.o)
                              .\CortexM3\ARM_GCC_541\Debug\Design01.a(QuadDec_1.o) (QuadDec_1_Cnt16_Stop)
.\CortexM3\ARM_GCC_541\Debug\Design01.a(UART_1.o)
                              .\CortexM3\ARM_GCC_541\Debug\main.o (UART_1_Start)
.\CortexM3\ARM_GCC_541\Debug\Design01.a(UART_1_IntClock.o)
                              .\CortexM3\ARM_GCC_541\Debug\Design01.a(UART_1.o) (UART_1_IntClock_Start)
.\CortexM3\ARM_GCC_541\Debug\Design01.a(Motor_2_IN_3.o)
                              .\CortexM3\ARM_GCC_541\Debug\main.o (Motor_2_IN_3_Write)
.\CortexM3\ARM_GCC_541\Debug\Design01.a(Motor_2_IN_4.o)
                              .\CortexM3\ARM_GCC_541\Debug\main.o (Motor_2_IN_4_Write)
.\CortexM3\ARM_GCC_541\Debug\Design01.a(PWM_2.o)
                              .\CortexM3\ARM_GCC_541\Debug\main.o (PWM_2_WriteCompare)
.\CortexM3\ARM_GCC_541\Debug\Design01.a(QuadDec_2.o)
                              .\CortexM3\ARM_GCC_541\Debug\main.o (QuadDec_2_GetCounter)
.\CortexM3\ARM_GCC_541\Debug\Design01.a(QuadDec_2_Cnt16.o)
                              .\CortexM3\ARM_GCC_541\Debug\Design01.a(QuadDec_2.o) (QuadDec_2_Cnt16_Stop)
.\CortexM3\ARM_GCC_541\Debug\Design01.a(isr_1.o)
                              .\CortexM3\ARM_GCC_541\Debug\main.o (isr_1_StartEx)
.\CortexM3\ARM_GCC_541\Debug\Design01.a(UART_2.o)
                              .\CortexM3\ARM_GCC_541\Debug\main.o (UART_2_Start)
.\CortexM3\ARM_GCC_541\Debug\Design01.a(UART_2_IntClock.o)
                              .\CortexM3\ARM_GCC_541\Debug\Design01.a(UART_2.o) (UART_2_IntClock_Start)
.\CortexM3\ARM_GCC_541\Debug\Design01.a(CyBootAsmGnu.o)
                              .\CortexM3\ARM_GCC_541\Debug\cyfitter_cfg.o (CyDelayCycles)
.\CortexM3\ARM_GCC_541\Debug\Design01.a(CyFlash.o)
                              .\CortexM3\ARM_GCC_541\Debug\Design01.a(cyPm.o) (CyFlash_SetWaitCycles)
.\CortexM3\ARM_GCC_541\Debug\Design01.a(CySpc.o)
                              .\CortexM3\ARM_GCC_541\Debug\Design01.a(CyFlash.o) (CySpcStart)
c:/program files (x86)/cypress/psoc creator/4.4/psoc creator/import/gnu/arm/5.4.1/bin/../lib/gcc/arm-none-eabi/5.4.1/../../../../arm-none-eabi/lib/armv7-m\libm.a(lib_a-sf_cos.o)
                              .\CortexM3\ARM_GCC_541\Debug\main.o (cosf)
c:/program files (x86)/cypress/psoc creator/4.4/psoc creator/import/gnu/arm/5.4.1/bin/../lib/gcc/arm-none-eabi/5.4.1/../../../../arm-none-eabi/lib/armv7-m\libm.a(lib_a-sf_lround.o)
                              .\CortexM3\ARM_GCC_541\Debug\main.o (lroundf)
c:/program files (x86)/cypress/psoc creator/4.4/psoc creator/import/gnu/arm/5.4.1/bin/../lib/gcc/arm-none-eabi/5.4.1/../../../../arm-none-eabi/lib/armv7-m\libm.a(lib_a-sf_sin.o)
                              .\CortexM3\ARM_GCC_541\Debug\main.o (sinf)
c:/program files (x86)/cypress/psoc creator/4.4/psoc creator/import/gnu/arm/5.4.1/bin/../lib/gcc/arm-none-eabi/5.4.1/../../../../arm-none-eabi/lib/armv7-m\libm.a(lib_a-ef_rem_pio2.o)
                              c:/program files (x86)/cypress/psoc creator/4.4/psoc creator/import/gnu/arm/5.4.1/bin/../lib/gcc/arm-none-eabi/5.4.1/../../../../arm-none-eabi/lib/armv7-m\libm.a(lib_a-sf_cos.o) (__ieee754_rem_pio2f)
c:/program files (x86)/cypress/psoc creator/4.4/psoc creator/import/gnu/arm/5.4.1/bin/../lib/gcc/arm-none-eabi/5.4.1/../../../../arm-none-eabi/lib/armv7-m\libm.a(lib_a-kf_cos.o)
                              c:/program files (x86)/cypress/psoc creator/4.4/psoc creator/import/gnu/arm/5.4.1/bin/../lib/gcc/arm-none-eabi/5.4.1/../../../../arm-none-eabi/lib/armv7-m\libm.a(lib_a-sf_cos.o) (__kernel_cosf)
c:/program files (x86)/cypress/psoc creator/4.4/psoc creator/import/gnu/arm/5.4.1/bin/../lib/gcc/arm-none-eabi/5.4.1/../../../../arm-none-eabi/lib/armv7-m\libm.a(lib_a-kf_rem_pio2.o)
                              c:/program files (x86)/cypress/psoc creator/4.4/psoc creator/import/gnu/arm/5.4.1/bin/../lib/gcc/arm-none-eabi/5.4.1/../../../../arm-none-eabi/lib/armv7-m\libm.a(lib_a-ef_rem_pio2.o) (__kernel_rem_pio2f)
[...]
Memory Configuration

Name             Origin             Length             Attributes
rom              0x00000000         0x00040000         xr
ram              0x1fff8000         0x00010000         xrw
*default*        0x00000000         0xffffffff

Linker script and memory map

LOAD c:/program files (x86)/cypress/psoc creator/4.4/psoc creator/import/gnu/arm/5.4.1/bin/../lib/gcc/arm-none-eabi/5.4.1/armv7-m/crti.o
LOAD c:/program files (x86)/cypress/psoc creator/4.4/psoc creator/import/gnu/arm/5.4.1/bin/../lib/gcc/arm-none-eabi/5.4.1/armv7-m/crtbegin.o
LOAD c:/program files (x86)/cypress/psoc creator/4.4/psoc creator/import/gnu/arm/5.4.1/bin/../lib/gcc/arm-none-eabi/5.4.1/../../../../arm-none-eabi/lib/armv7-m/crt0.o
START GROUP
LOAD .\CortexM3\ARM_GCC_541\Debug\main.o
LOAD .\CortexM3\ARM_GCC_541\Debug\cyfitter_cfg.o
LOAD .\CortexM3\ARM_GCC_541\Debug\cymetadata.o
LOAD .\CortexM3\ARM_GCC_541\Debug\Cm3Start.o
LOAD .\CortexM3\ARM_GCC_541\Debug\Design01.a
LOAD C:\Program Files (x86)\Cypress\PSoC Creator\4.4\PSoC Creator\psoc\content\cycomponentlibrary\CyComponentLibrary.cylib\CortexM3\ARM_GCC_541\Debug\CyComponentLibrary.a
LOAD c:/program files (x86)/cypress/psoc creator/4.4/psoc creator/import/gnu/arm/5.4.1/bin/../lib/gcc/arm-none-eabi/5.4.1/../../../../arm-none-eabi/lib/armv7-m\libm.a
END GROUP
START GROUP
LOAD c:/program files (x86)/cypress/psoc creator/4.4/psoc creator/import/gnu/arm/5.4.1/bin/../lib/gcc/arm-none-eabi/5.4.1/armv7-m\libgcc.a
LOAD c:/program files (x86)/cypress/psoc creator/4.4/psoc creator/import/gnu/arm/5.4.1/bin/../lib/gcc/arm-none-eabi/5.4.1/../../../../arm-none-eabi/lib/armv7-m\libg_nano.a
LOAD c:/program files (x86)/cypress/psoc creator/4.4/psoc creator/import/gnu/arm/5.4.1/bin/../lib/gcc/arm-none-eabi/5.4.1/../../../../arm-none-eabi/lib/armv7-m\libc_nano.a
END GROUP
START GROUP
LOAD c:/program files (x86)/cypress/psoc creator/4.4/psoc creator/import/gnu/arm/5.4.1/bin/../lib/gcc/arm-none-eabi/5.4.1/armv7-m\libgcc.a
LOAD c:/program files (x86)/cypress/psoc creator/4.4/psoc creator/import/gnu/arm/5.4.1/bin/../lib/gcc/arm-none-eabi/5.4.1/../../../../arm-none-eabi/lib/armv7-m\libc_nano.a
END GROUP
LOAD c:/program files (x86)/cypress/psoc creator/4.4/psoc creator/import/gnu/arm/5.4.1/bin/../lib/gcc/arm-none-eabi/5.4.1/armv7-m/crtend.o
LOAD c:/program files (x86)/cypress/psoc creator/4.4/psoc creator/import/gnu/arm/5.4.1/bin/../lib/gcc/arm-none-eabi/5.4.1/armv7-m/crtn.o
START GROUP
LOAD c:/program files (x86)/cypress/psoc creator/4.4/psoc creator/import/gnu/arm/5.4.1/bin/../lib/gcc/arm-none-eabi/5.4.1/armv7-m\libgcc.a
LOAD c:/program files (x86)/cypress/psoc creator/4.4/psoc creator/import/gnu/arm/5.4.1/bin/../lib/gcc/arm-none-eabi/5.4.1/../../../../arm-none-eabi/lib/armv7-m\libc.a
LOAD c:/program files (x86)/cypress/psoc creator/4.4/psoc creator/import/gnu/arm/5.4.1/bin/../lib/gcc/arm-none-eabi/5.4.1/../../../../arm-none-eabi/lib/armv7-m\libnosys.a
END GROUP
                0x00000000                CY_APPL_ORIGIN = 0x0
                0x00000100                CY_FLASH_ROW_SIZE = 0x100
                0x00000020                CY_ECC_ROW_SIZE = 0x20
                0x00000000                CY_EE_IN_BTLDR = 0x0
                0x00000000                CY_APPL_LOADABLE = 0x0
                0x00000800                CY_EE_SIZE = 0x800
                0x00000001                CY_APPL_NUM = 0x1
                0x00000001                CY_APPL_MAX = 0x1
                0x00000040                CY_METADATA_SIZE = 0x40
                0x00000000                CY_APPL_LOADABLE = 0x0
                0x00000000                CY_CHECKSUM_EXCLUDE_SIZE = ALIGN (0x0, CY_FLASH_ROW_SIZE)
                [!provide]                PROVIDE (__cy_heap_start, _end)
                0x00000001                PROVIDE (__cy_region_num, ((__cy_regions_end - __cy_regions) / 0x10))
                0x20008000                PROVIDE (__cy_stack, (ORIGIN (ram) + LENGTH (ram)))
                [!provide]                PROVIDE (__cy_heap_end, (__cy_stack - 0x800))

.cybootloader   0x00000000        0x0
 *(.cybootloader)
                0x00000000                appl1_start = CY_APPL_ORIGIN?CY_APPL_ORIGIN:ALIGN (CY_FLASH_ROW_SIZE)
                0x0001ff00                appl2_start = (appl1_start + ALIGN ((((LENGTH (rom) - appl1_start) - (0x2 * CY_FLASH_ROW_SIZE)) / 0x2), CY_FLASH_ROW_SIZE))
                0x00000000                appl_start = (CY_APPL_NUM == 0x1)?appl1_start:appl2_start
                0x00000000                ecc_offset = ((appl_start / CY_FLASH_ROW_SIZE) * CY_ECC_ROW_SIZE)
                0x00000000                ee_offset = (CY_APPL_LOADABLE && ! (CY_EE_IN_BTLDR))?((CY_EE_SIZE / CY_APPL_MAX) * (CY_APPL_NUM - 0x1)):0x0
                0x00000800                ee_size = (CY_APPL_LOADABLE && ! (CY_EE_IN_BTLDR))?(CY_EE_SIZE / CY_APPL_MAX):CY_EE_SIZE
                [!provide]                PROVIDE (CY_ECC_OFFSET, ecc_offset)

.text           0x00000000     0x7c94
 CREATE_OBJECT_SYMBOLS
                0x00000000                PROVIDE (__cy_interrupt_vector, RomVectors)
 *(.romvectors)
 .romvectors    0x00000000       0x10 .\CortexM3\ARM_GCC_541\Debug\Cm3Start.o
                0x00000000                RomVectors
                0x00000001                ASSERT ((. != __cy_interrupt_vector), No interrupt vector)
                0x00000001                ASSERT (CY_APPL_ORIGIN?(SIZEOF (.cybootloader) <= CY_APPL_ORIGIN):0x1, Wrong image location)
                0x00000010                PROVIDE (__cy_reset, Reset)
 *(.text.Reset)
 .text.Reset    0x00000010       0x18 .\CortexM3\ARM_GCC_541\Debug\Cm3Start.o
                0x00000010                Reset
                0x00000001                ASSERT ((. != __cy_reset), No reset code)
 *(.dma_init)
                0x00000001                ASSERT ((((appl_start + .) <= 0x10000) || 0x1), DMA Init must be within the first 64k of flash)
 *(.text .text.* .gnu.linkonce.t.*)
 .text          0x00000028       0x5c c:/program files (x86)/cypress/psoc creator/4.4/psoc creator/import/gnu/arm/5.4.1/bin/../lib/gcc/arm-none-eabi/5.4.1/armv7-m/crtbegin.o
 .text.get_variable
                0x00000084       0x40 .\CortexM3\ARM_GCC_541\Debug\main.o
                0x00000084                get_variable
 .text.resolve_expression
                0x000000c4       0x1c .\CortexM3\ARM_GCC_541\Debug\main.o
                0x000000c4                resolve_expression
 .text.expression_int
                0x000000e0       0x18 .\CortexM3\ARM_GCC_541\Debug\main.o
                0x000000e0                expression_int
 .text.assign_variable
                0x000000f8       0xa8 .\CortexM3\ARM_GCC_541\Debug\main.o
                0x000000f8                assign_variable
 .text.queue_assignment
                0x000001a0       0x84 .\CortexM3\ARM_GCC_541\Debug\main.o
                0x000001a0                queue_assignment
 .text.compare_variable
                0x00000224       0x38 .\CortexM3\ARM_GCC_541\Debug\main.o
                0x00000224                compare_variable
 .text.angle_to_pulses
                0x0000025c       0x5c .\CortexM3\ARM_GCC_541\Debug\main.o
                0x0000025c                angle_to_pulses
 .text.in_bounds
                0x000002b8       0x20 .\CortexM3\ARM_GCC_541\Debug\main.o
                0x000002b8                in_bounds
 .text.normalize_heading
                0x000002d8       0x48 .\CortexM3\ARM_GCC_541\Debug\main.o
                0x000002d8                normalize_heading
 .text.is_vowel_cell
                0x00000320       0x10 .\CortexM3\ARM_GCC_541\Debug\main.o
                0x00000320                is_vowel_cell
 .text.reset_grid
                0x00000330       0x54 .\CortexM3\ARM_GCC_541\Debug\main.o
                0x00000330                reset_grid
 .text.sync_planning_state
                0x00000384       0x30 .\CortexM3\ARM_GCC_541\Debug\main.o
                0x00000384                sync_planning_state
 .text.try_step_grid
                0x000003b4      0x128 .\CortexM3\ARM_GCC_541\Debug\main.o
                0x000003b4                try_step_grid
 .text.print_grid_uart1
                0x000004dc       0xdc .\CortexM3\ARM_GCC_541\Debug\main.o
                0x000004dc                print_grid_uart1
 .text.enqueue_movement
                0x000005b8      0x1ac .\CortexM3\ARM_GCC_541\Debug\main.o
                0x000005b8                enqueue_movement
 .text.find_matching_bracket
                0x00000764       0x20 .\CortexM3\ARM_GCC_541\Debug\main.o
                0x00000764                find_matching_bracket
 .text.queue_ifelse_command
                0x00000784      0x1b0 .\CortexM3\ARM_GCC_541\Debug\main.o
                0x00000784                queue_ifelse_command
 .text.send_vowel_message
                0x00000934       0x24 .\CortexM3\ARM_GCC_541\Debug\main.o
                0x00000934                send_vowel_message
 .text.condition_true
                0x00000958       0x38 .\CortexM3\ARM_GCC_541\Debug\main.o
                0x00000958                condition_true
 .text.while_condition_true
                0x00000990       0x14 .\CortexM3\ARM_GCC_541\Debug\main.o
                0x00000990                while_condition_true
 .text.update_vowel_variable
                0x000009a4       0x1c .\CortexM3\ARM_GCC_541\Debug\main.o
                0x000009a4                update_vowel_variable
 .text.commit_completed_movement
                0x000009c0       0xe0 .\CortexM3\ARM_GCC_541\Debug\main.o
                0x000009c0                commit_completed_movement
 .text.handle_camera_byte
                0x00000aa0       0xa0 .\CortexM3\ARM_GCC_541\Debug\main.o
                0x00000aa0                handle_camera_byte
 .text.queue_while_command
                0x00000b40      0x144 .\CortexM3\ARM_GCC_541\Debug\main.o
                0x00000b40                queue_while_command
 .text.parse_branch_queue
                0x00000c84      0x258 .\CortexM3\ARM_GCC_541\Debug\main.o
                0x00000c84                parse_branch_queue
 .text.parse_branch
                0x00000edc       0x14 .\CortexM3\ARM_GCC_541\Debug\main.o
                0x00000edc                parse_branch
 .text.parse_while_queue_body
                0x00000ef0      0x240 .\CortexM3\ARM_GCC_541\Debug\main.o
                0x00000ef0                parse_while_queue_body
 .text.parse_while_body
                0x00001130       0x1c .\CortexM3\ARM_GCC_541\Debug\main.o
                0x00001130                parse_while_body
 .text.parse_x_coord
                0x0000114c       0x58 .\CortexM3\ARM_GCC_541\Debug\main.o
                0x0000114c                parse_x_coord
 .text.ISR_Handler_1
                0x000011a4      0xaec .\CortexM3\ARM_GCC_541\Debug\main.o
                0x000011a4                ISR_Handler_1
 .text.check_camera_uart
                0x00001c90       0x58 .\CortexM3\ARM_GCC_541\Debug\main.o
                0x00001c90                check_camera_uart
 .text.main     0x00001ce8      0x8e0 .\CortexM3\ARM_GCC_541\Debug\main.o
                0x00001ce8                main
 .text.CyClockStartupError
                0x000025c8        0x4 .\CortexM3\ARM_GCC_541\Debug\cyfitter_cfg.o
 .text.cfg_write_bytes32
                0x000025cc       0x34 .\CortexM3\ARM_GCC_541\Debug\cyfitter_cfg.o
 .text.AnalogSetDefault
                0x00002600       0x28 .\CortexM3\ARM_GCC_541\Debug\cyfitter_cfg.o
 .text.CYMEMZERO
                0x00002628        0xc .\CortexM3\ARM_GCC_541\Debug\cyfitter_cfg.o
 .text.ClockSetup
                0x00002634       0xe0 .\CortexM3\ARM_GCC_541\Debug\cyfitter_cfg.o
 .text.CYCONFIGCPY
                0x00002714        0x8 .\CortexM3\ARM_GCC_541\Debug\cyfitter_cfg.o
 .text.cyfitter_cfg
                0x0000271c      0x13c .\CortexM3\ARM_GCC_541\Debug\cyfitter_cfg.o
                0x0000271c                cyfitter_cfg
 .text.IntDefaultHandler
                0x00002858       0x10 .\CortexM3\ARM_GCC_541\Debug\Cm3Start.o
                0x00002858                IntDefaultHandler
 .text._sbrk    0x00002868       0x30 .\CortexM3\ARM_GCC_541\Debug\Cm3Start.o
                0x00002868                _sbrk
 .text.Start_c  0x00002898       0x4c .\CortexM3\ARM_GCC_541\Debug\Cm3Start.o
                0x00002898                Start_c
 .text.initialize_psoc
                0x000028e4       0x68 .\CortexM3\ARM_GCC_541\Debug\Cm3Start.o
                0x000028e4                initialize_psoc
 .text.Motor_1_IN_1_Write
                0x0000294c       0x18 .\CortexM3\ARM_GCC_541\Debug\Design01.a(Motor_1_IN_1.o)
                0x0000294c                Motor_1_IN_1_Write
 .text.Motor_1_IN_2_Write
                0x00002964       0x18 .\CortexM3\ARM_GCC_541\Debug\Design01.a(Motor_1_IN_2.o)
                0x00002964                Motor_1_IN_2_Write
 .text.CyDelay  0x0000297c       0x2c .\CortexM3\ARM_GCC_541\Debug\Design01.a(CyLib.o)
                0x0000297c                CyDelay
 .text.PWM_1_Enable
                0x000029a8       0x28 .\CortexM3\ARM_GCC_541\Debug\Design01.a(PWM_1.o)
                0x000029a8                PWM_1_Enable
 .text.PWM_1_WritePeriod
                0x000029d0        0xc .\CortexM3\ARM_GCC_541\Debug\Design01.a(PWM_1.o)
                0x000029d0                PWM_1_WritePeriod
 .text.PWM_1_WriteCompare
                0x000029dc        0xc .\CortexM3\ARM_GCC_541\Debug\Design01.a(PWM_1.o)
                0x000029dc                PWM_1_WriteCompare
 .text.PWM_1_SetInterruptMode
                0x000029e8        0xc .\CortexM3\ARM_GCC_541\Debug\Design01.a(PWM_1.o)
                0x000029e8                PWM_1_SetInterruptMode
 .text.PWM_1_Init
                0x000029f4       0x74 .\CortexM3\ARM_GCC_541\Debug\Design01.a(PWM_1.o)
                0x000029f4                PWM_1_Init
 .text.PWM_1_Start
                0x00002a68       0x1c .\CortexM3\ARM_GCC_541\Debug\Design01.a(PWM_1.o)
                0x00002a68                PWM_1_Start
 .text.QuadDec_1_GetCounter
                0x00002a84       0x10 .\CortexM3\ARM_GCC_541\Debug\Design01.a(QuadDec_1.o)
                0x00002a84                QuadDec_1_GetCounter
 .text.QuadDec_1_GetEvents
                0x00002a94       0x10 .\CortexM3\ARM_GCC_541\Debug\Design01.a(QuadDec_1.o)
                0x00002a94                QuadDec_1_GetEvents
 .text.QuadDec_1_SetInterruptMask
                0x00002aa4        0xc .\CortexM3\ARM_GCC_541\Debug\Design01.a(QuadDec_1.o)
                0x00002aa4                QuadDec_1_SetInterruptMask
 .text.QuadDec_1_Enable
                0x00002ab0       0x24 .\CortexM3\ARM_GCC_541\Debug\Design01.a(QuadDec_1.o)
                0x00002ab0                QuadDec_1_Enable
 .text.QuadDec_1_Start
                0x00002ad4       0x24 .\CortexM3\ARM_GCC_541\Debug\Design01.a(QuadDec_1.o)
                0x00002ad4                QuadDec_1_Start
 .text.QuadDec_1_Cnt16_Enable
                0x00002af8       0x10 .\CortexM3\ARM_GCC_541\Debug\Design01.a(QuadDec_1_Cnt16.o)
                0x00002af8                QuadDec_1_Cnt16_Enable
 .text.QuadDec_1_Cnt16_SetInterruptMode
                0x00002b08        0xc .\CortexM3\ARM_GCC_541\Debug\Design01.a(QuadDec_1_Cnt16.o)
                0x00002b08                QuadDec_1_Cnt16_SetInterruptMode
 .text.QuadDec_1_Cnt16_ReadStatusRegister
                0x00002b14        0xc .\CortexM3\ARM_GCC_541\Debug\Design01.a(QuadDec_1_Cnt16.o)
                0x00002b14                QuadDec_1_Cnt16_ReadStatusRegister
 .text.QuadDec_1_Cnt16_WriteCounter
                0x00002b20        0xc .\CortexM3\ARM_GCC_541\Debug\Design01.a(QuadDec_1_Cnt16.o)
                0x00002b20                QuadDec_1_Cnt16_WriteCounter
 .text.QuadDec_1_Cnt16_ReadCounter
                0x00002b2c       0x14 .\CortexM3\ARM_GCC_541\Debug\Design01.a(QuadDec_1_Cnt16.o)
                0x00002b2c                QuadDec_1_Cnt16_ReadCounter
 .text.QuadDec_1_Cnt16_ReadCapture
                0x00002b40        0xc .\CortexM3\ARM_GCC_541\Debug\Design01.a(QuadDec_1_Cnt16.o)
                0x00002b40                QuadDec_1_Cnt16_ReadCapture
 .text.QuadDec_1_Cnt16_WritePeriod
                0x00002b4c        0xc .\CortexM3\ARM_GCC_541\Debug\Design01.a(QuadDec_1_Cnt16.o)
                0x00002b4c                QuadDec_1_Cnt16_WritePeriod
 .text.QuadDec_1_Cnt16_WriteCompare
                0x00002b58        0xc .\CortexM3\ARM_GCC_541\Debug\Design01.a(QuadDec_1_Cnt16.o)
                0x00002b58                QuadDec_1_Cnt16_WriteCompare
 .text.QuadDec_1_Cnt16_ClearFIFO
                0x00002b64       0x14 .\CortexM3\ARM_GCC_541\Debug\Design01.a(QuadDec_1_Cnt16.o)
                0x00002b64                QuadDec_1_Cnt16_ClearFIFO
 .text.QuadDec_1_Cnt16_Init
                0x00002b78       0x58 .\CortexM3\ARM_GCC_541\Debug\Design01.a(QuadDec_1_Cnt16.o)
                0x00002b78                QuadDec_1_Cnt16_Init
 .text.QuadDec_1_Cnt16_Start
                0x00002bd0       0x1c .\CortexM3\ARM_GCC_541\Debug\Design01.a(QuadDec_1_Cnt16.o)
                0x00002bd0                QuadDec_1_Cnt16_Start
 .text.UART_1_Init
                0x00002bec       0x28 .\CortexM3\ARM_GCC_541\Debug\Design01.a(UART_1.o)
                0x00002bec                UART_1_Init
 .text.UART_1_Enable
                0x00002c14       0x38 .\CortexM3\ARM_GCC_541\Debug\Design01.a(UART_1.o)
                0x00002c14                UART_1_Enable
 .text.UART_1_Start
                0x00002c4c       0x1c .\CortexM3\ARM_GCC_541\Debug\Design01.a(UART_1.o)
                0x00002c4c                UART_1_Start
 .text.UART_1_GetChar
                0x00002c68       0x2c .\CortexM3\ARM_GCC_541\Debug\Design01.a(UART_1.o)
                0x00002c68                UART_1_GetChar
 .text.UART_1_PutChar
                0x00002c94       0x18 .\CortexM3\ARM_GCC_541\Debug\Design01.a(UART_1.o)
                0x00002c94                UART_1_PutChar
 .text.UART_1_PutString
                0x00002cac       0x24 .\CortexM3\ARM_GCC_541\Debug\Design01.a(UART_1.o)
                0x00002cac                UART_1_PutString
 .text.UART_1_IntClock_Start
                0x00002cd0       0x1c .\CortexM3\ARM_GCC_541\Debug\Design01.a(UART_1_IntClock.o)
                0x00002cd0                UART_1_IntClock_Start
 .text.Motor_2_IN_3_Write
                0x00002cec       0x18 .\CortexM3\ARM_GCC_541\Debug\Design01.a(Motor_2_IN_3.o)
                0x00002cec                Motor_2_IN_3_Write
 .text.Motor_2_IN_4_Write
                0x00002d04       0x18 .\CortexM3\ARM_GCC_541\Debug\Design01.a(Motor_2_IN_4.o)
                0x00002d04                Motor_2_IN_4_Write
 .text.PWM_2_Enable
                0x00002d1c       0x28 .\CortexM3\ARM_GCC_541\Debug\Design01.a(PWM_2.o)
                0x00002d1c                PWM_2_Enable
 .text.PWM_2_WritePeriod
                0x00002d44        0xc .\CortexM3\ARM_GCC_541\Debug\Design01.a(PWM_2.o)
                0x00002d44                PWM_2_WritePeriod
 .text.PWM_2_WriteCompare
                0x00002d50        0xc .\CortexM3\ARM_GCC_541\Debug\Design01.a(PWM_2.o)
                0x00002d50                PWM_2_WriteCompare
 .text.PWM_2_SetInterruptMode
                0x00002d5c        0xc .\CortexM3\ARM_GCC_541\Debug\Design01.a(PWM_2.o)
                0x00002d5c                PWM_2_SetInterruptMode
 .text.PWM_2_Init
                0x00002d68       0x74 .\CortexM3\ARM_GCC_541\Debug\Design01.a(PWM_2.o)
                0x00002d68                PWM_2_Init
 .text.PWM_2_Start
                0x00002ddc       0x1c .\CortexM3\ARM_GCC_541\Debug\Design01.a(PWM_2.o)
                0x00002ddc                PWM_2_Start
 .text.QuadDec_2_GetCounter
                0x00002df8       0x10 .\CortexM3\ARM_GCC_541\Debug\Design01.a(QuadDec_2.o)
                0x00002df8                QuadDec_2_GetCounter
 .text.QuadDec_2_GetEvents
                0x00002e08       0x10 .\CortexM3\ARM_GCC_541\Debug\Design01.a(QuadDec_2.o)
                0x00002e08                QuadDec_2_GetEvents
 .text.QuadDec_2_SetInterruptMask
                0x00002e18        0xc .\CortexM3\ARM_GCC_541\Debug\Design01.a(QuadDec_2.o)
                0x00002e18                QuadDec_2_SetInterruptMask
 .text.QuadDec_2_Enable
                0x00002e24       0x24 .\CortexM3\ARM_GCC_541\Debug\Design01.a(QuadDec_2.o)
                0x00002e24                QuadDec_2_Enable
 .text.QuadDec_2_Start
                0x00002e48       0x24 .\CortexM3\ARM_GCC_541\Debug\Design01.a(QuadDec_2.o)
                0x00002e48                QuadDec_2_Start
 .text.QuadDec_2_Cnt16_Enable
                0x00002e6c       0x10 .\CortexM3\ARM_GCC_541\Debug\Design01.a(QuadDec_2_Cnt16.o)
                0x00002e6c                QuadDec_2_Cnt16_Enable
 .text.QuadDec_2_Cnt16_SetInterruptMode
                0x00002e7c        0xc .\CortexM3\ARM_GCC_541\Debug\Design01.a(QuadDec_2_Cnt16.o)
                0x00002e7c                QuadDec_2_Cnt16_SetInterruptMode
 .text.QuadDec_2_Cnt16_ReadStatusRegister
                0x00002e88        0xc .\CortexM3\ARM_GCC_541\Debug\Design01.a(QuadDec_2_Cnt16.o)
                0x00002e88                QuadDec_2_Cnt16_ReadStatusRegister
 .text.QuadDec_2_Cnt16_WriteCounter
                0x00002e94        0xc .\CortexM3\ARM_GCC_541\Debug\Design01.a(QuadDec_2_Cnt16.o)
                0x00002e94                QuadDec_2_Cnt16_WriteCounter
 .text.QuadDec_2_Cnt16_ReadCounter
                0x00002ea0       0x14 .\CortexM3\ARM_GCC_541\Debug\Design01.a(QuadDec_2_Cnt16.o)
                0x00002ea0                QuadDec_2_Cnt16_ReadCounter
 .text.QuadDec_2_Cnt16_ReadCapture
                0x00002eb4        0xc .\CortexM3\ARM_GCC_541\Debug\Design01.a(QuadDec_2_Cnt16.o)
                0x00002eb4                QuadDec_2_Cnt16_ReadCapture
 .text.QuadDec_2_Cnt16_WritePeriod
                0x00002ec0        0xc .\CortexM3\ARM_GCC_541\Debug\Design01.a(QuadDec_2_Cnt16.o)
                0x00002ec0                QuadDec_2_Cnt16_WritePeriod
 .text.QuadDec_2_Cnt16_WriteCompare
                0x00002ecc        0xc .\CortexM3\ARM_GCC_541\Debug\Design01.a(QuadDec_2_Cnt16.o)
                0x00002ecc                QuadDec_2_Cnt16_WriteCompare
 .text.QuadDec_2_Cnt16_ClearFIFO
                0x00002ed8       0x14 .\CortexM3\ARM_GCC_541\Debug\Design01.a(QuadDec_2_Cnt16.o)
                0x00002ed8                QuadDec_2_Cnt16_ClearFIFO
 .text.QuadDec_2_Cnt16_Init
                0x00002eec       0x58 .\CortexM3\ARM_GCC_541\Debug\Design01.a(QuadDec_2_Cnt16.o)
                0x00002eec                QuadDec_2_Cnt16_Init
 .text.QuadDec_2_Cnt16_Start
                0x00002f44       0x1c .\CortexM3\ARM_GCC_541\Debug\Design01.a(QuadDec_2_Cnt16.o)
                0x00002f44                QuadDec_2_Cnt16_Start
 .text.isr_1_SetVector
                0x00002f60        0xc .\CortexM3\ARM_GCC_541\Debug\Design01.a(isr_1.o)
                0x00002f60                isr_1_SetVector
 .text.isr_1_SetPriority
                0x00002f6c       0x10 .\CortexM3\ARM_GCC_541\Debug\Design01.a(isr_1.o)
                0x00002f6c                isr_1_SetPriority
 .text.isr_1_Enable
                0x00002f7c        0xc .\CortexM3\ARM_GCC_541\Debug\Design01.a(isr_1.o)
                0x00002f7c                isr_1_Enable
 .text.isr_1_Disable
                0x00002f88        0xc .\CortexM3\ARM_GCC_541\Debug\Design01.a(isr_1.o)
                0x00002f88                isr_1_Disable
 .text.isr_1_StartEx
                0x00002f94       0x1c .\CortexM3\ARM_GCC_541\Debug\Design01.a(isr_1.o)
                0x00002f94                isr_1_StartEx
 .text.UART_2_Init
                0x00002fb0       0x24 .\CortexM3\ARM_GCC_541\Debug\Design01.a(UART_2.o)
                0x00002fb0                UART_2_Init
 .text.UART_2_Enable
                0x00002fd4       0x38 .\CortexM3\ARM_GCC_541\Debug\Design01.a(UART_2.o)
                0x00002fd4                UART_2_Enable
 .text.UART_2_Start
                0x0000300c       0x1c .\CortexM3\ARM_GCC_541\Debug\Design01.a(UART_2.o)
                0x0000300c                UART_2_Start
 .text.UART_2_GetChar
                0x00003028       0x2c .\CortexM3\ARM_GCC_541\Debug\Design01.a(UART_2.o)
                0x00003028                UART_2_GetChar
 .text.UART_2_GetRxBufferSize
                0x00003054       0x18 .\CortexM3\ARM_GCC_541\Debug\Design01.a(UART_2.o)
                0x00003054                UART_2_GetRxBufferSize
 .text.UART_2_PutChar
                0x0000306c       0x18 .\CortexM3\ARM_GCC_541\Debug\Design01.a(UART_2.o)
                0x0000306c                UART_2_PutChar
 .text.UART_2_PutString
                0x00003084       0x24 .\CortexM3\ARM_GCC_541\Debug\Design01.a(UART_2.o)
                0x00003084                UART_2_PutString
 .text.UART_2_IntClock_Start
                0x000030a8       0x1c .\CortexM3\ARM_GCC_541\Debug\Design01.a(UART_2_IntClock.o)
                0x000030a8                UART_2_IntClock_Start
 *fill*         0x000030c4        0x4 
 .text          0x000030c8       0x20 .\CortexM3\ARM_GCC_541\Debug\Design01.a(CyBootAsmGnu.o)
                0x000030c8                CyDelayCycles
                0x000030d8                CyEnterCriticalSection
                0x000030e0                CyExitCriticalSection
 .text.cosf     0x000030e8       0x78 c:/program files (x86)/cypress/psoc creator/4.4/psoc creator/import/gnu/arm/5.4.1/bin/../lib/gcc/arm-none-eabi/5.4.1/../../../../arm-none-eabi/lib/armv7-m\libm.a(lib_a-sf_cos.o)
                0x000030e8                cosf
 .text.lroundf  0x00003160       0x58 c:/program files (x86)/cypress/psoc creator/4.4/psoc creator/import/gnu/arm/5.4.1/bin/../lib/gcc/arm-none-eabi/5.4.1/../../../../arm-none-eabi/lib/armv7-m\libm.a(lib_a-sf_lround.o)
                0x00003160                lroundf
 .text.sinf     0x000031b8       0x7c c:/program files (x86)/cypress/psoc creator/4.4/psoc creator/import/gnu/arm/5.4.1/bin/../lib/gcc/arm-none-eabi/5.4.1/../../../../arm-none-eabi/lib/armv7-m\libm.a(lib_a-sf_sin.o)
                0x000031b8                sinf
 .text.__ieee754_rem_pio2f
                0x00003234      0x2e4 c:/program files (x86)/cypress/psoc creator/4.4/psoc creator/import/gnu/arm/5.4.1/bin/../lib/gcc/arm-none-eabi/5.4.1/../../../../arm-none-eabi/lib/armv7-m\libm.a(lib_a-ef_rem_pio2.o)
                0x00003234                __ieee754_rem_pio2f
 .text.__kernel_cosf
                0x00003518      0x188 c:/program files (x86)/cypress/psoc creator/4.4/psoc creator/import/gnu/arm/5.4.1/bin/../lib/gcc/arm-none-eabi/5.4.1/../../../../arm-none-eabi/lib/armv7-m\libm.a(lib_a-kf_cos.o)
                0x00003518                __kernel_cosf
 .text.__kernel_rem_pio2f
                0x000036a0      0x6a0 c:/program files (x86)/cypress/psoc creator/4.4/psoc creator/import/gnu/arm/5.4.1/bin/../lib/gcc/arm-none-eabi/5.4.1/../../../../arm-none-eabi/lib/armv7-m\libm.a(lib_a-kf_rem_pio2.o)
                0x000036a0                __kernel_rem_pio2f
 .text.__kernel_sinf
                0x00003d40       0xec c:/program files (x86)/cypress/psoc creator/4.4/psoc creator/import/gnu/arm/5.4.1/bin/../lib/gcc/arm-none-eabi/5.4.1/../../../../arm-none-eabi/lib/armv7-m\libm.a(lib_a-kf_sin.o)
                0x00003d40                __kernel_sinf
 .text.fabsf    0x00003e2c        0x8 c:/program files (x86)/cypress/psoc creator/4.4/psoc creator/import/gnu/arm/5.4.1/bin/../lib/gcc/arm-none-eabi/5.4.1/../../../../arm-none-eabi/lib/armv7-m\libm.a(lib_a-sf_fabs.o)
                0x00003e2c                fabsf
 .text.floorf   0x00003e34       0x8c c:/program files (x86)/cypress/psoc creator/4.4/psoc creator/import/gnu/arm/5.4.1/bin/../lib/gcc/arm-none-eabi/5.4.1/../../../../arm-none-eabi/lib/armv7-m\libm.a(lib_a-sf_floor.o)
                0x00003e34                floorf
 .text.scalbnf  0x00003ec0       0xb0 c:/program files (x86)/cypress/psoc creator/4.4/psoc creator/import/gnu/arm/5.4.1/bin/../lib/gcc/arm-none-eabi/5.4.1/../../../../arm-none-eabi/lib/armv7-m\libm.a(lib_a-sf_scalbn.o)
                0x00003ec0                scalbnf
 .text.copysignf
                0x00003f70        0xc c:/program files (x86)/cypress/psoc creator/4.4/psoc creator/import/gnu/arm/5.4.1/bin/../lib/gcc/arm-none-eabi/5.4.1/../../../../arm-none-eabi/lib/armv7-m\libm.a(lib_a-sf_copysign.o)
                0x00003f70                copysignf
 .text          0x00003f7c      0x370 c:/program files (x86)/cypress/psoc creator/4.4/psoc creator/import/gnu/arm/5.4.1/bin/../lib/gcc/arm-none-eabi/5.4.1/armv7-m\libgcc.a(_arm_addsubdf3.o)
                0x00003f7c                __aeabi_drsub
                0x00003f84                __aeabi_dsub
                0x00003f84                __subdf3
                0x00003f88                __aeabi_dadd
                0x00003f88                __adddf3
                0x00004200                __floatunsidf
                0x00004200                __aeabi_ui2d
                0x00004220                __floatsidf
                0x00004220                __aeabi_i2d
                0x00004244                __aeabi_f2d
                0x00004244                __extendsfdf2
                0x00004280                __floatundidf
                0x00004280                __aeabi_ul2d
                0x00004290                __floatdidf
                0x00004290                __aeabi_l2d
 .text          0x000042ec      0x424 c:/program files (x86)/cypress/psoc creator/4.4/psoc creator/import/gnu/arm/5.4.1/bin/../lib/gcc/arm-none-eabi/5.4.1/armv7-m\libgcc.a(_arm_muldivdf3.o)
                0x000042ec                __aeabi_dmul
                0x000042ec                __muldf3
                0x00004540                __divdf3
                0x00004540                __aeabi_ddiv
 .text          0x00004710       0x50 c:/program files (x86)/cypress/psoc creator/4.4/psoc creator/import/gnu/arm/5.4.1/bin/../lib/gcc/arm-none-eabi/5.4.1/armv7-m\libgcc.a(_arm_fixdfsi.o)
                0x00004710                __aeabi_d2iz
                0x00004710                __fixdfsi
 .text          0x00004760       0xa0 c:/program files (x86)/cypress/psoc creator/4.4/psoc creator/import/gnu/arm/5.4.1/bin/../lib/gcc/arm-none-eabi/5.4.1/armv7-m\libgcc.a(_arm_truncdfsf2.o)
                0x00004760                __truncdfsf2
                0x00004760                __aeabi_d2f
 .text          0x00004800      0x21c c:/program files (x86)/cypress/psoc creator/4.4/psoc creator/import/gnu/arm/5.4.1/bin/../lib/gcc/arm-none-eabi/5.4.1/armv7-m\libgcc.a(_arm_addsubsf3.o)
                0x00004800                __aeabi_frsub
                0x00004808                __subsf3
                0x00004808                __aeabi_fsub
                0x0000480c                __aeabi_fadd
                0x0000480c                __addsf3
                0x0000496c                __aeabi_ui2f
                0x0000496c                __floatunsisf
                0x00004974                __aeabi_i2f
                0x00004974                __floatsisf
                0x00004990                __aeabi_ul2f
                0x00004990                __floatundisf
                0x000049a0                __aeabi_l2f
                0x000049a0                __floatdisf
 .text          0x00004a1c      0x2a0 c:/program files (x86)/cypress/psoc creator/4.4/psoc creator/import/gnu/arm/5.4.1/bin/../lib/gcc/arm-none-eabi/5.4.1/armv7-m\libgcc.a(_arm_muldivsf3.o)
                0x00004a1c                __mulsf3
                0x00004a1c                __aeabi_fmul
                0x00004b84                __aeabi_fdiv
                0x00004b84                __divsf3
 .text          0x00004cbc       0xec c:/program files (x86)/cypress/psoc creator/4.4/psoc creator/import/gnu/arm/5.4.1/bin/../lib/gcc/arm-none-eabi/5.4.1/armv7-m\libgcc.a(_arm_cmpsf2.o)
                0x00004cbc                __gesf2
                0x00004cbc                __gtsf2
                0x00004cc4                __lesf2
                0x00004cc4                __ltsf2
                0x00004ccc                __nesf2
                0x00004ccc                __eqsf2
                0x00004ccc                __cmpsf2
                0x00004d2c                __aeabi_cfrcmple
                0x00004d34                __aeabi_cfcmpeq
                0x00004d34                __aeabi_cfcmple
                0x00004d44                __aeabi_fcmpeq
                0x00004d58                __aeabi_fcmplt
                0x00004d6c                __aeabi_fcmple
                0x00004d80                __aeabi_fcmpge
                0x00004d94                __aeabi_fcmpgt
 .text          0x00004da8       0x4c c:/program files (x86)/cypress/psoc creator/4.4/psoc creator/import/gnu/arm/5.4.1/bin/../lib/gcc/arm-none-eabi/5.4.1/armv7-m\libgcc.a(_arm_fixsfsi.o)
                0x00004da8                __aeabi_f2iz
                0x00004da8                __fixsfsi
 .text.atof     0x00004df4        0x6 c:/program files (x86)/cypress/psoc creator/4.4/psoc creator/import/gnu/arm/5.4.1/bin/../lib/gcc/arm-none-eabi/5.4.1/../../../../arm-none-eabi/lib/armv7-m\libg_nano.a(lib_a-atof.o)
                0x00004df4                atof
 .text.atoi     0x00004dfa        0x8 c:/program files (x86)/cypress/psoc creator/4.4/psoc creator/import/gnu/arm/5.4.1/bin/../lib/gcc/arm-none-eabi/5.4.1/../../../../arm-none-eabi/lib/armv7-m\libg_nano.a(lib_a-atoi.o)
                0x00004dfa                atoi
 *fill*         0x00004e02        0x2 
 .text.__errno  0x00004e04        0xc c:/program files (x86)/cypress/psoc creator/4.4/psoc creator/import/gnu/arm/5.4.1/bin/../lib/gcc/arm-none-eabi/5.4.1/../../../../arm-none-eabi/lib/armv7-m\libg_nano.a(lib_a-errno.o)
                0x00004e04                __errno
 .text.__libc_init_array
                0x00004e10       0x4c c:/program files (x86)/cypress/psoc creator/4.4/psoc creator/import/gnu/arm/5.4.1/bin/../lib/gcc/arm-none-eabi/5.4.1/../../../../arm-none-eabi/lib/armv7-m\libg_nano.a(lib_a-init.o)
                0x00004e10                __libc_init_array
 .text.memcpy   0x00004e5c       0x16 c:/program files (x86)/cypress/psoc creator/4.4/psoc creator/import/gnu/arm/5.4.1/bin/../lib/gcc/arm-none-eabi/5.4.1/../../../../arm-none-eabi/lib/armv7-m\libg_nano.a(lib_a-memcpy-stub.o)
                0x00004e5c                memcpy
 .text.memset   0x00004e72       0x10 c:/program files (x86)/cypress/psoc creator/4.4/psoc creator/import/gnu/arm/5.4.1/bin/../lib/gcc/arm-none-eabi/5.4.1/../../../../arm-none-eabi/lib/armv7-m\libg_nano.a(lib_a-memset.o)
                0x00004e72                memset
 *fill*         0x00004e82        0x2 
 .text.sprintf  0x00004e84       0x48 c:/program files (x86)/cypress/psoc creator/4.4/psoc creator/import/gnu/arm/5.4.1/bin/../lib/gcc/arm-none-eabi/5.4.1/../../../../arm-none-eabi/lib/armv7-m\libg_nano.a(lib_a-sprintf.o)
                0x00004e84                siprintf
                0x00004e84                sprintf
 .text.sscanf   0x00004ecc       0x54 c:/program files (x86)/cypress/psoc creator/4.4/psoc creator/import/gnu/arm/5.4.1/bin/../lib/gcc/arm-none-eabi/5.4.1/../../../../arm-none-eabi/lib/armv7-m\libg_nano.a(lib_a-sscanf.o)
                0x00004ecc                siscanf
                0x00004ecc                sscanf
 .text.__seofread
                0x00004f20        0x4 c:/program files (x86)/cypress/psoc creator/4.4/psoc creator/import/gnu/arm/5.4.1/bin/../lib/gcc/arm-none-eabi/5.4.1/../../../../arm-none-eabi/lib/armv7-m\libg_nano.a(lib_a-stdio.o)
                0x00004f20                __seofread
 .text          0x00004f24       0x14 c:/program files (x86)/cypress/psoc creator/4.4/psoc creator/import/gnu/arm/5.4.1/bin/../lib/gcc/arm-none-eabi/5.4.1/../../../../arm-none-eabi/lib/armv7-m\libg_nano.a(lib_a-strcmp.o)
                0x00004f24                strcmp
 .text.strcpy   0x00004f38       0x10 c:/program files (x86)/cypress/psoc creator/4.4/psoc creator/import/gnu/arm/5.4.1/bin/../lib/gcc/arm-none-eabi/5.4.1/../../../../arm-none-eabi/lib/armv7-m\libg_nano.a(lib_a-strcpy.o)
                0x00004f38                strcpy
 .text          0x00004f48       0x10 c:/program files (x86)/cypress/psoc creator/4.4/psoc creator/import/gnu/arm/5.4.1/bin/../lib/gcc/arm-none-eabi/5.4.1/../../../../arm-none-eabi/lib/armv7-m\libg_nano.a(lib_a-strlen.o)
                0x00004f48                strlen
 .text.strncmp  0x00004f58       0x2a c:/program files (x86)/cypress/psoc creator/4.4/psoc creator/import/gnu/arm/5.4.1/bin/../lib/gcc/arm-none-eabi/5.4.1/../../../../arm-none-eabi/lib/armv7-m\libg_nano.a(lib_a-strncmp.o)
                0x00004f58                strncmp
 .text.strncpy  0x00004f82       0x26 c:/program files (x86)/cypress/psoc creator/4.4/psoc creator/import/gnu/arm/5.4.1/bin/../lib/gcc/arm-none-eabi/5.4.1/../../../../arm-none-eabi/lib/armv7-m\libg_nano.a(lib_a-strncpy.o)
                0x00004f82                strncpy
 .text.sulp     0x00004fa8       0x42 c:/program files (x86)/cypress/psoc creator/4.4/psoc creator/import/gnu/arm/5.4.1/bin/../lib/gcc/arm-none-eabi/5.4.1/../../../../arm-none-eabi/lib/armv7-m\libg_nano.a(lib_a-strtod.o)
 *fill*         0x00004fea        0x6 
 .text._strtod_r
                0x00004ff0      0xc00 c:/program files (x86)/cypress/psoc creator/4.4/psoc creator/import/gnu/arm/5.4.1/bin/../lib/gcc/arm-none-eabi/5.4.1/../../../../arm-none-eabi/lib/armv7-m\libg_nano.a(lib_a-strtod.o)
                0x00004ff0                _strtod_r
 .text.strtod   0x00005bf0       0x10 c:/program files (x86)/cypress/psoc creator/4.4/psoc creator/import/gnu/arm/5.4.1/bin/../lib/gcc/arm-none-eabi/5.4.1/../../../../arm-none-eabi/lib/armv7-m\libg_nano.a(lib_a-strtod.o)
                0x00005bf0                strtod
 .text._strtol_r
                0x00005c00      0x10c c:/program files (x86)/cypress/psoc creator/4.4/psoc creator/import/gnu/arm/5.4.1/bin/../lib/gcc/arm-none-eabi/5.4.1/../../../../arm-none-eabi/lib/armv7-m\libg_nano.a(lib_a-strtol.o)
                0x00005c00                _strtol_r
 .text.strtol   0x00005d0c       0x14 c:/program files (x86)/cypress/psoc creator/4.4/psoc creator/import/gnu/arm/5.4.1/bin/../lib/gcc/arm-none-eabi/5.4.1/../../../../arm-none-eabi/lib/armv7-m\libg_nano.a(lib_a-strtol.o)
                0x00005d0c                strtol
 .text.rshift   0x00005d20       0x6c c:/program files (x86)/cypress/psoc creator/4.4/psoc creator/import/gnu/arm/5.4.1/bin/../lib/gcc/arm-none-eabi/5.4.1/../../../../arm-none-eabi/lib/armv7-m\libg_nano.a(lib_a-gdtoa-gethex.o)
 .text.__hexdig_fun
                0x00005d8c       0x2a c:/program files (x86)/cypress/psoc creator/4.4/psoc creator/import/gnu/arm/5.4.1/bin/../lib/gcc/arm-none-eabi/5.4.1/../../../../arm-none-eabi/lib/armv7-m\libg_nano.a(lib_a-gdtoa-gethex.o)
                0x00005d8c                __hexdig_fun
 .text.__gethex
                0x00005db6      0x43e c:/program files (x86)/cypress/psoc creator/4.4/psoc creator/import/gnu/arm/5.4.1/bin/../lib/gcc/arm-none-eabi/5.4.1/../../../../arm-none-eabi/lib/armv7-m\libg_nano.a(lib_a-gdtoa-gethex.o)
                0x00005db6                __gethex
 .text.L_shift  0x000061f4       0x24 c:/program files (x86)/cypress/psoc creator/4.4/psoc creator/import/gnu/arm/5.4.1/bin/../lib/gcc/arm-none-eabi/5.4.1/../../../../arm-none-eabi/lib/armv7-m\libg_nano.a(lib_a-gdtoa-hexnan.o)
 .text.__match  0x00006218       0x26 c:/program files (x86)/cypress/psoc creator/4.4/psoc creator/import/gnu/arm/5.4.1/bin/../lib/gcc/arm-none-eabi/5.4.1/../../../../arm-none-eabi/lib/armv7-m\libg_nano.a(lib_a-gdtoa-hexnan.o)
                0x00006218                __match
 .text.__hexnan
                0x0000623e      0x11c c:/program files (x86)/cypress/psoc creator/4.4/psoc creator/import/gnu/arm/5.4.1/bin/../lib/gcc/arm-none-eabi/5.4.1/../../../../arm-none-eabi/lib/armv7-m\libg_nano.a(lib_a-gdtoa-hexnan.o)
                0x0000623e                __hexnan
 *fill*         0x0000635a        0x2 
 .text._localeconv_r
                0x0000635c        0x8 c:/program files (x86)/cypress/psoc creator/4.4/psoc creator/import/gnu/arm/5.4.1/bin/../lib/gcc/arm-none-eabi/5.4.1/../../../../arm-none-eabi/lib/armv7-m\libg_nano.a(lib_a-locale.o)
                0x0000635c                _localeconv_r
 .text._Balloc  0x00006364       0x6a c:/program files (x86)/cypress/psoc creator/4.4/psoc creator/import/gnu/arm/5.4.1/bin/../lib/gcc/arm-none-eabi/5.4.1/../../../../arm-none-eabi/lib/armv7-m\libg_nano.a(lib_a-mprec.o)
                0x00006364                _Balloc
 .text._Bfree   0x000063ce       0x2e c:/program files (x86)/cypress/psoc creator/4.4/psoc creator/import/gnu/arm/5.4.1/bin/../lib/gcc/arm-none-eabi/5.4.1/../../../../arm-none-eabi/lib/armv7-m\libg_nano.a(lib_a-mprec.o)
                0x000063ce                _Bfree
 .text.__multadd
                0x000063fc       0x76 c:/program files (x86)/cypress/psoc creator/4.4/psoc creator/import/gnu/arm/5.4.1/bin/../lib/gcc/arm-none-eabi/5.4.1/../../../../arm-none-eabi/lib/armv7-m\libg_nano.a(lib_a-mprec.o)
                0x000063fc                __multadd
 .text.__s2b    0x00006472       0x7c c:/program files (x86)/cypress/psoc creator/4.4/psoc creator/import/gnu/arm/5.4.1/bin/../lib/gcc/arm-none-eabi/5.4.1/../../../../arm-none-eabi/lib/armv7-m\libg_nano.a(lib_a-mprec.o)
                0x00006472                __s2b
 .text.__hi0bits
                0x000064ee       0x40 c:/program files (x86)/cypress/psoc creator/4.4/psoc creator/import/gnu/arm/5.4.1/bin/../lib/gcc/arm-none-eabi/5.4.1/../../../../arm-none-eabi/lib/armv7-m\libg_nano.a(lib_a-mprec.o)
                0x000064ee                __hi0bits
 .text.__lo0bits
                0x0000652e       0x5a c:/program files (x86)/cypress/psoc creator/4.4/psoc creator/import/gnu/arm/5.4.1/bin/../lib/gcc/arm-none-eabi/5.4.1/../../../../arm-none-eabi/lib/armv7-m\libg_nano.a(lib_a-mprec.o)
                0x0000652e                __lo0bits
 .text.__i2b    0x00006588       0x12 c:/program files (x86)/cypress/psoc creator/4.4/psoc creator/import/gnu/arm/5.4.1/bin/../lib/gcc/arm-none-eabi/5.4.1/../../../../arm-none-eabi/lib/armv7-m\libg_nano.a(lib_a-mprec.o)
                0x00006588                __i2b
 .text.__multiply
                0x0000659a      0x120 c:/program files (x86)/cypress/psoc creator/4.4/psoc creator/import/gnu/arm/5.4.1/bin/../lib/gcc/arm-none-eabi/5.4.1/../../../../arm-none-eabi/lib/armv7-m\libg_nano.a(lib_a-mprec.o)
                0x0000659a                __multiply
 *fill*         0x000066ba        0x2 
 .text.__pow5mult
                0x000066bc       0x9c c:/program files (x86)/cypress/psoc creator/4.4/psoc creator/import/gnu/arm/5.4.1/bin/../lib/gcc/arm-none-eabi/5.4.1/../../../../arm-none-eabi/lib/armv7-m\libg_nano.a(lib_a-mprec.o)
                0x000066bc                __pow5mult
 .text.__lshift
                0x00006758       0xa2 c:/program files (x86)/cypress/psoc creator/4.4/psoc creator/import/gnu/arm/5.4.1/bin/../lib/gcc/arm-none-eabi/5.4.1/../../../../arm-none-eabi/lib/armv7-m\libg_nano.a(lib_a-mprec.o)
                0x00006758                __lshift
 .text.__mcmp   0x000067fa       0x38 c:/program files (x86)/cypress/psoc creator/4.4/psoc creator/import/gnu/arm/5.4.1/bin/../lib/gcc/arm-none-eabi/5.4.1/../../../../arm-none-eabi/lib/armv7-m\libg_nano.a(lib_a-mprec.o)
                0x000067fa                __mcmp
 .text.__mdiff  0x00006832       0xbe c:/program files (x86)/cypress/psoc creator/4.4/psoc creator/import/gnu/arm/5.4.1/bin/../lib/gcc/arm-none-eabi/5.4.1/../../../../arm-none-eabi/lib/armv7-m\libg_nano.a(lib_a-mprec.o)
                0x00006832                __mdiff
 .text.__ulp    0x000068f0       0x48 c:/program files (x86)/cypress/psoc creator/4.4/psoc creator/import/gnu/arm/5.4.1/bin/../lib/gcc/arm-none-eabi/5.4.1/../../../../arm-none-eabi/lib/armv7-m\libg_nano.a(lib_a-mprec.o)
                0x000068f0                __ulp
 .text.__b2d    0x00006938       0x9a c:/program files (x86)/cypress/psoc creator/4.4/psoc creator/import/gnu/arm/5.4.1/bin/../lib/gcc/arm-none-eabi/5.4.1/../../../../arm-none-eabi/lib/armv7-m\libg_nano.a(lib_a-mprec.o)
                0x00006938                __b2d
 .text.__d2b    0x000069d2       0x9c c:/program files (x86)/cypress/psoc creator/4.4/psoc creator/import/gnu/arm/5.4.1/bin/../lib/gcc/arm-none-eabi/5.4.1/../../../../arm-none-eabi/lib/armv7-m\libg_nano.a(lib_a-mprec.o)
                0x000069d2                __d2b
 .text.__ratio  0x00006a6e       0x50 c:/program files (x86)/cypress/psoc creator/4.4/psoc creator/import/gnu/arm/5.4.1/bin/../lib/gcc/arm-none-eabi/5.4.1/../../../../arm-none-eabi/lib/armv7-m\libg_nano.a(lib_a-mprec.o)
                0x00006a6e                __ratio
 .text.__copybits
                0x00006abe       0x34 c:/program files (x86)/cypress/psoc creator/4.4/psoc creator/import/gnu/arm/5.4.1/bin/../lib/gcc/arm-none-eabi/5.4.1/../../../../arm-none-eabi/lib/armv7-m\libg_nano.a(lib_a-mprec.o)
                0x00006abe                __copybits
 .text.__any_on
                0x00006af2       0x44 c:/program files (x86)/cypress/psoc creator/4.4/psoc creator/import/gnu/arm/5.4.1/bin/../lib/gcc/arm-none-eabi/5.4.1/../../../../arm-none-eabi/lib/armv7-m\libg_nano.a(lib_a-mprec.o)
                0x00006af2                __any_on
 .text._calloc_r
                0x00006b36       0x1c c:/program files (x86)/cypress/psoc creator/4.4/psoc creator/import/gnu/arm/5.4.1/bin/../lib/gcc/arm-none-eabi/5.4.1/../../../../arm-none-eabi/lib/armv7-m\libg_nano.a(lib_a-nano-callocr.o)
                0x00006b36                _calloc_r
 *fill*         0x00006b52        0x2 
 .text._malloc_r
                0x00006b54       0xbc c:/program files (x86)/cypress/psoc creator/4.4/psoc creator/import/gnu/arm/5.4.1/bin/../lib/gcc/arm-none-eabi/5.4.1/../../../../arm-none-eabi/lib/armv7-m\libg_nano.a(lib_a-nano-mallocr.o)
                0x00006b54                _malloc_r
 .text.__ssputs_r
                0x00006c10       0xb2 c:/program files (x86)/cypress/psoc creator/4.4/psoc creator/import/gnu/arm/5.4.1/bin/../lib/gcc/arm-none-eabi/5.4.1/../../../../arm-none-eabi/lib/armv7-m\libg_nano.a(lib_a-nano-svfprintf.o)
                0x00006c10                __ssputs_r
 *fill*         0x00006cc2        0x2 
 .text._svfprintf_r
                0x00006cc4      0x1e8 c:/program files (x86)/cypress/psoc creator/4.4/psoc creator/import/gnu/arm/5.4.1/bin/../lib/gcc/arm-none-eabi/5.4.1/../../../../arm-none-eabi/lib/armv7-m\libg_nano.a(lib_a-nano-svfprintf.o)
                0x00006cc4                _svfiprintf_r
                0x00006cc4                _svfprintf_r
 .text._sungetc_r
                0x00006eac       0x7c c:/program files (x86)/cypress/psoc creator/4.4/psoc creator/import/gnu/arm/5.4.1/bin/../lib/gcc/arm-none-eabi/5.4.1/../../../../arm-none-eabi/lib/armv7-m\libg_nano.a(lib_a-nano-svfscanf.o)
                0x00006eac                _sungetc_r
 .text.__ssrefill_r
                0x00006f28       0x3a c:/program files (x86)/cypress/psoc creator/4.4/psoc creator/import/gnu/arm/5.4.1/bin/../lib/gcc/arm-none-eabi/5.4.1/../../../../arm-none-eabi/lib/armv7-m\libg_nano.a(lib_a-nano-svfscanf.o)
                0x00006f28                __ssrefill_r
 *fill*         0x00006f62        0x2 
 .text.__ssvfscanf_r
                0x00006f64      0x2a8 c:/program files (x86)/cypress/psoc creator/4.4/psoc creator/import/gnu/arm/5.4.1/bin/../lib/gcc/arm-none-eabi/5.4.1/../../../../arm-none-eabi/lib/armv7-m\libg_nano.a(lib_a-nano-svfscanf.o)
                0x00006f64                __ssvfiscanf_r
                0x00006f64                __ssvfscanf_r
 .text._printf_common
                0x0000720c       0xec c:/program files (x86)/cypress/psoc creator/4.4/psoc creator/import/gnu/arm/5.4.1/bin/../lib/gcc/arm-none-eabi/5.4.1/../../../../arm-none-eabi/lib/armv7-m\libg_nano.a(lib_a-nano-vfprintf_i.o)
                0x0000720c                _printf_common
 .text._printf_i
                0x000072f8      0x24c c:/program files (x86)/cypress/psoc creator/4.4/psoc creator/import/gnu/arm/5.4.1/bin/../lib/gcc/arm-none-eabi/5.4.1/../../../../arm-none-eabi/lib/armv7-m\libg_nano.a(lib_a-nano-vfprintf_i.o)
                0x000072f8                _printf_i
 .text._scanf_chars
                0x00007544       0xcc c:/program files (x86)/cypress/psoc creator/4.4/psoc creator/import/gnu/arm/5.4.1/bin/../lib/gcc/arm-none-eabi/5.4.1/../../../../arm-none-eabi/lib/armv7-m\libg_nano.a(lib_a-nano-vfscanf_i.o)
                0x00007544                _scanf_chars
 .text._scanf_i
                0x00007610      0x1e4 c:/program files (x86)/cypress/psoc creator/4.4/psoc creator/import/gnu/arm/5.4.1/bin/../lib/gcc/arm-none-eabi/5.4.1/../../../../arm-none-eabi/lib/armv7-m\libg_nano.a(lib_a-nano-vfscanf_i.o)
                0x00007610                _scanf_i
 .text._sbrk_r  0x000077f4       0x20 c:/program files (x86)/cypress/psoc creator/4.4/psoc creator/import/gnu/arm/5.4.1/bin/../lib/gcc/arm-none-eabi/5.4.1/../../../../arm-none-eabi/lib/armv7-m\libg_nano.a(lib_a-sbrkr.o)
                0x000077f4                _sbrk_r
 .text.__sccl   0x00007814       0x60 c:/program files (x86)/cypress/psoc creator/4.4/psoc creator/import/gnu/arm/5.4.1/bin/../lib/gcc/arm-none-eabi/5.4.1/../../../../arm-none-eabi/lib/armv7-m\libg_nano.a(lib_a-sccl.o)
                0x00007814                __sccl
 .text._strtoul_r
                0x00007874       0xfc c:/program files (x86)/cypress/psoc creator/4.4/psoc creator/import/gnu/arm/5.4.1/bin/../lib/gcc/arm-none-eabi/5.4.1/../../../../arm-none-eabi/lib/armv7-m\libg_nano.a(lib_a-strtoul.o)
                0x00007874                _strtoul_r
 .text.__submore
                0x00007970       0x72 c:/program files (x86)/cypress/psoc creator/4.4/psoc creator/import/gnu/arm/5.4.1/bin/../lib/gcc/arm-none-eabi/5.4.1/../../../../arm-none-eabi/lib/armv7-m\libg_nano.a(lib_a-ungetc.o)
                0x00007970                __submore
 *fill*         0x000079e2        0x2 
 .text.malloc   0x000079e4       0x10 c:/program files (x86)/cypress/psoc creator/4.4/psoc creator/import/gnu/arm/5.4.1/bin/../lib/gcc/arm-none-eabi/5.4.1/../../../../arm-none-eabi/lib/armv7-m\libg_nano.a(lib_a-malloc.o)
                0x000079e4                malloc
 .text.memchr   0x000079f4       0x1c c:/program files (x86)/cypress/psoc creator/4.4/psoc creator/import/gnu/arm/5.4.1/bin/../lib/gcc/arm-none-eabi/5.4.1/../../../../arm-none-eabi/lib/armv7-m\libg_nano.a(lib_a-memchr-stub.o)
                0x000079f4                memchr
 .text.memmove  0x00007a10       0x36 c:/program files (x86)/cypress/psoc creator/4.4/psoc creator/import/gnu/arm/5.4.1/bin/../lib/gcc/arm-none-eabi/5.4.1/../../../../arm-none-eabi/lib/armv7-m\libg_nano.a(lib_a-memmove.o)
                0x00007a10                memmove
 .text.__malloc_lock
                0x00007a46        0x2 c:/program files (x86)/cypress/psoc creator/4.4/psoc creator/import/gnu/arm/5.4.1/bin/../lib/gcc/arm-none-eabi/5.4.1/../../../../arm-none-eabi/lib/armv7-m\libg_nano.a(lib_a-mlock.o)
                0x00007a46                __malloc_lock
 .text.__malloc_unlock
                0x00007a48        0x2 c:/program files (x86)/cypress/psoc creator/4.4/psoc creator/import/gnu/arm/5.4.1/bin/../lib/gcc/arm-none-eabi/5.4.1/../../../../arm-none-eabi/lib/armv7-m\libg_nano.a(lib_a-mlock.o)
                0x00007a48                __malloc_unlock
 *fill*         0x00007a4a        0x2 
 .text._free_r  0x00007a4c       0x98 c:/program files (x86)/cypress/psoc creator/4.4/psoc creator/import/gnu/arm/5.4.1/bin/../lib/gcc/arm-none-eabi/5.4.1/../../../../arm-none-eabi/lib/armv7-m\libg_nano.a(lib_a-nano-freer.o)
                0x00007a4c                _free_r
 .text._realloc_r
                0x00007ae4       0x4c c:/program files (x86)/cypress/psoc creator/4.4/psoc creator/import/gnu/arm/5.4.1/bin/../lib/gcc/arm-none-eabi/5.4.1/../../../../arm-none-eabi/lib/armv7-m\libg_nano.a(lib_a-nano-reallocr.o)
                0x00007ae4                _realloc_r
 .text._malloc_usable_size_r
                0x00007b30       0x14 c:/program files (x86)/cypress/psoc creator/4.4/psoc creator/import/gnu/arm/5.4.1/bin/../lib/gcc/arm-none-eabi/5.4.1/../../../../arm-none-eabi/lib/armv7-m\libg_nano.a(lib_a-nano-msizer.o)
                0x00007b30                _malloc_usable_size_r
 .text          0x00007b44      0x110 c:/program files (x86)/cypress/psoc creator/4.4/psoc creator/import/gnu/arm/5.4.1/bin/../lib/gcc/arm-none-eabi/5.4.1/armv7-m\libgcc.a(_arm_cmpdf2.o)
                0x00007b44                __gtdf2
                0x00007b44                __gedf2
                0x00007b4c                __ltdf2
                0x00007b4c                __ledf2
                0x00007b54                __nedf2
                0x00007b54                __eqdf2
                0x00007b54                __cmpdf2
                0x00007bd0                __aeabi_cdrcmple
                0x00007be0                __aeabi_cdcmpeq
                0x00007be0                __aeabi_cdcmple
                0x00007bf0                __aeabi_dcmpeq
                0x00007c04                __aeabi_dcmplt
                0x00007c18                __aeabi_dcmple
                0x00007c2c                __aeabi_dcmpge
                0x00007c40                __aeabi_dcmpgt
 .text          0x00007c54       0x40 c:/program files (x86)/cypress/psoc creator/4.4/psoc creator/import/gnu/arm/5.4.1/bin/../lib/gcc/arm-none-eabi/5.4.1/armv7-m\libgcc.a(_arm_fixunsdfsi.o)
                0x00007c54                __aeabi_d2uiz
                0x00007c54                __fixunsdfsi
 *(.plt)
 *(.gnu.warning)
 *(.glue_7t)
 .glue_7t       0x00007c94        0x0 linker stubs
 *(.glue_7)
 .glue_7        0x00007c94        0x0 linker stubs
 *(.vfp11_veneer)
 .vfp11_veneer  0x00007c94        0x0 linker stubs
 *(.bootloader)
 *(.ARM.extab* .gnu.linkonce.armextab.*)
 *(.gcc_except_table)

.v4_bx          0x00007c94        0x0
 .v4_bx         0x00007c94        0x0 linker stubs

.iplt           0x00007c94        0x0
 .iplt          0x00007c94        0x0 c:/program files (x86)/cypress/psoc creator/4.4/psoc creator/import/gnu/arm/5.4.1/bin/../lib/gcc/arm-none-eabi/5.4.1/armv7-m/crtbegin.o

.eh_frame_hdr
 *(.eh_frame_hdr)

.eh_frame       0x00007c94        0x4
 *(.eh_frame)
 .eh_frame      0x00007c94        0x0 c:/program files (x86)/cypress/psoc creator/4.4/psoc creator/import/gnu/arm/5.4.1/bin/../lib/gcc/arm-none-eabi/5.4.1/armv7-m/crtbegin.o
 .eh_frame      0x00007c94        0x4 c:/program files (x86)/cypress/psoc creator/4.4/psoc creator/import/gnu/arm/5.4.1/bin/../lib/gcc/arm-none-eabi/5.4.1/armv7-m/crtend.o
                [!provide]                PROVIDE (__exidx_start, .)

.ARM.exidx
 *(.ARM.exidx* .gnu.linkonce.armexidx.*)
                0x00007c98                __exidx_end = .

.rodata         0x00007c98      0xb68
 *(.rodata .rodata.* .gnu.linkonce.r.*)
 .rodata.str1.4
                0x00007c98      0x3f8 .\CortexM3\ARM_GCC_541\Debug\main.o
                                0x402 (size before relaxing)
 .rodata        0x00008090       0x42 .\CortexM3\ARM_GCC_541\Debug\cyfitter_cfg.o
 *fill*         0x000080d2        0x2 
 .rodata.npio2_hw
                0x000080d4       0x80 c:/program files (x86)/cypress/psoc creator/4.4/psoc creator/import/gnu/arm/5.4.1/bin/../lib/gcc/arm-none-eabi/5.4.1/../../../../arm-none-eabi/lib/armv7-m\libm.a(lib_a-ef_rem_pio2.o)
 .rodata.two_over_pi
                0x00008154      0x318 c:/program files (x86)/cypress/psoc creator/4.4/psoc creator/import/gnu/arm/5.4.1/bin/../lib/gcc/arm-none-eabi/5.4.1/../../../../arm-none-eabi/lib/armv7-m\libm.a(lib_a-ef_rem_pio2.o)
 .rodata.init_jk
                0x0000846c        0xc c:/program files (x86)/cypress/psoc creator/4.4/psoc creator/import/gnu/arm/5.4.1/bin/../lib/gcc/arm-none-eabi/5.4.1/../../../../arm-none-eabi/lib/armv7-m\libm.a(lib_a-kf_rem_pio2.o)
 .rodata.PIo2   0x00008478       0x2c c:/program files (x86)/cypress/psoc creator/4.4/psoc creator/import/gnu/arm/5.4.1/bin/../lib/gcc/arm-none-eabi/5.4.1/../../../../arm-none-eabi/lib/armv7-m\libm.a(lib_a-kf_rem_pio2.o)
 .rodata._ctype_
                0x000084a4      0x101 c:/program files (x86)/cypress/psoc creator/4.4/psoc creator/import/gnu/arm/5.4.1/bin/../lib/gcc/arm-none-eabi/5.4.1/../../../../arm-none-eabi/lib/armv7-m\libg_nano.a(lib_a-ctype_.o)
                0x000084a4                _ctype_
 .rodata.str1.1
                0x000085a5        0x2 c:/program files (x86)/cypress/psoc creator/4.4/psoc creator/import/gnu/arm/5.4.1/bin/../lib/gcc/arm-none-eabi/5.4.1/../../../../arm-none-eabi/lib/armv7-m\libg_nano.a(lib_a-impure.o)
 *fill*         0x000085a7        0x1 
 .rodata.fpinan.5401
                0x000085a8       0x14 c:/program files (x86)/cypress/psoc creator/4.4/psoc creator/import/gnu/arm/5.4.1/bin/../lib/gcc/arm-none-eabi/5.4.1/../../../../arm-none-eabi/lib/armv7-m\libg_nano.a(lib_a-strtod.o)
 .rodata.str1.1
                0x000085bc        0xc c:/program files (x86)/cypress/psoc creator/4.4/psoc creator/import/gnu/arm/5.4.1/bin/../lib/gcc/arm-none-eabi/5.4.1/../../../../arm-none-eabi/lib/armv7-m\libg_nano.a(lib_a-strtod.o)
 .rodata.fpi.5365
                0x000085c8       0x14 c:/program files (x86)/cypress/psoc creator/4.4/psoc creator/import/gnu/arm/5.4.1/bin/../lib/gcc/arm-none-eabi/5.4.1/../../../../arm-none-eabi/lib/armv7-m\libg_nano.a(lib_a-strtod.o)
 *fill*         0x000085dc        0x4 
 .rodata.tinytens
                0x000085e0       0x28 c:/program files (x86)/cypress/psoc creator/4.4/psoc creator/import/gnu/arm/5.4.1/bin/../lib/gcc/arm-none-eabi/5.4.1/../../../../arm-none-eabi/lib/armv7-m\libg_nano.a(lib_a-strtod.o)
 .rodata.str1.1
                0x00008608        0x8 c:/program files (x86)/cypress/psoc creator/4.4/psoc creator/import/gnu/arm/5.4.1/bin/../lib/gcc/arm-none-eabi/5.4.1/../../../../arm-none-eabi/lib/armv7-m\libg_nano.a(lib_a-locale.o)
                                  0xb (size before relaxing)
 .rodata.__mprec_tens
                0x00008610       0xc8 c:/program files (x86)/cypress/psoc creator/4.4/psoc creator/import/gnu/arm/5.4.1/bin/../lib/gcc/arm-none-eabi/5.4.1/../../../../arm-none-eabi/lib/armv7-m\libg_nano.a(lib_a-mprec.o)
                0x00008610                __mprec_tens
 .rodata.p05.5408
                0x000086d8        0xc c:/program files (x86)/cypress/psoc creator/4.4/psoc creator/import/gnu/arm/5.4.1/bin/../lib/gcc/arm-none-eabi/5.4.1/../../../../arm-none-eabi/lib/armv7-m\libg_nano.a(lib_a-mprec.o)
 *fill*         0x000086e4        0x4 
 .rodata.__mprec_bigtens
                0x000086e8       0x28 c:/program files (x86)/cypress/psoc creator/4.4/psoc creator/import/gnu/arm/5.4.1/bin/../lib/gcc/arm-none-eabi/5.4.1/../../../../arm-none-eabi/lib/armv7-m\libg_nano.a(lib_a-mprec.o)
                0x000086e8                __mprec_bigtens
 .rodata.str1.1
                0x00008710       0x11 c:/program files (x86)/cypress/psoc creator/4.4/psoc creator/import/gnu/arm/5.4.1/bin/../lib/gcc/arm-none-eabi/5.4.1/../../../../arm-none-eabi/lib/armv7-m\libg_nano.a(lib_a-nano-svfprintf.o)
 .rodata.str1.1
                0x00008721        0x4 c:/program files (x86)/cypress/psoc creator/4.4/psoc creator/import/gnu/arm/5.4.1/bin/../lib/gcc/arm-none-eabi/5.4.1/../../../../arm-none-eabi/lib/armv7-m\libg_nano.a(lib_a-nano-svfscanf.o)
 .rodata.str1.1
                0x00008721       0x22 c:/program files (x86)/cypress/psoc creator/4.4/psoc creator/import/gnu/arm/5.4.1/bin/../lib/gcc/arm-none-eabi/5.4.1/../../../../arm-none-eabi/lib/armv7-m\libg_nano.a(lib_a-nano-vfprintf_i.o)
 *fill*         0x00008743        0x1 
 .rodata        0x00008744        0xc c:/program files (x86)/cypress/psoc creator/4.4/psoc creator/import/gnu/arm/5.4.1/bin/../lib/gcc/arm-none-eabi/5.4.1/../../../../arm-none-eabi/lib/armv7-m\libg_nano.a(lib_a-nano-vfscanf_i.o)
 .rodata.str1.1
                0x00008750       0x1b c:/program files (x86)/cypress/psoc creator/4.4/psoc creator/import/gnu/arm/5.4.1/bin/../lib/gcc/arm-none-eabi/5.4.1/../../../../arm-none-eabi/lib/armv7-m\libg_nano.a(lib_a-nano-vfscanf_i.o)
 *fill*         0x0000876b        0x1 
 .rodata.__sf_fake_stdin
                0x0000876c       0x20 c:/program files (x86)/cypress/psoc creator/4.4/psoc creator/import/gnu/arm/5.4.1/bin/../lib/gcc/arm-none-eabi/5.4.1/../../../../arm-none-eabi/lib/armv7-m\libg_nano.a(lib_a-findfp.o)
                0x0000876c                __sf_fake_stdin
 .rodata.__sf_fake_stdout
                0x0000878c       0x20 c:/program files (x86)/cypress/psoc creator/4.4/psoc creator/import/gnu/arm/5.4.1/bin/../lib/gcc/arm-none-eabi/5.4.1/../../../../arm-none-eabi/lib/armv7-m\libg_nano.a(lib_a-findfp.o)
                0x0000878c                __sf_fake_stdout
 .rodata.__sf_fake_stderr
                0x000087ac       0x20 c:/program files (x86)/cypress/psoc creator/4.4/psoc creator/import/gnu/arm/5.4.1/bin/../lib/gcc/arm-none-eabi/5.4.1/../../../../arm-none-eabi/lib/armv7-m\libg_nano.a(lib_a-findfp.o)
                0x000087ac                __sf_fake_stderr
                0x000087cc                . = ALIGN (0x4)
 *(.init)
 .init          0x000087cc        0x4 c:/program files (x86)/cypress/psoc creator/4.4/psoc creator/import/gnu/arm/5.4.1/bin/../lib/gcc/arm-none-eabi/5.4.1/armv7-m/crti.o
                0x000087cc                _init
 .init          0x000087d0        0x8 c:/program files (x86)/cypress/psoc creator/4.4/psoc creator/import/gnu/arm/5.4.1/bin/../lib/gcc/arm-none-eabi/5.4.1/armv7-m/crtn.o
                0x000087d8                . = ALIGN (0x4)
                0x000087d8                __preinit_array_start = .
 *(.preinit_array)
                0x000087d8                __preinit_array_end = .
                0x000087d8                . = ALIGN (0x4)
                0x000087d8                __init_array_start = .
 *(SORT(.init_array.*))
 *(.init_array)
 .init_array    0x000087d8        0x4 c:/program files (x86)/cypress/psoc creator/4.4/psoc creator/import/gnu/arm/5.4.1/bin/../lib/gcc/arm-none-eabi/5.4.1/armv7-m/crtbegin.o
 .init_array    0x000087dc        0x4 .\CortexM3\ARM_GCC_541\Debug\Cm3Start.o
                0x000087e0                __init_array_end = .
                0x000087e0                . = ALIGN (0x4)
 *(.fini)
 .fini          0x000087e0        0x4 c:/program files (x86)/cypress/psoc creator/4.4/psoc creator/import/gnu/arm/5.4.1/bin/../lib/gcc/arm-none-eabi/5.4.1/armv7-m/crti.o
                0x000087e0                _fini
 .fini          0x000087e4        0x8 c:/program files (x86)/cypress/psoc creator/4.4/psoc creator/import/gnu/arm/5.4.1/bin/../lib/gcc/arm-none-eabi/5.4.1/armv7-m/crtn.o
                0x000087ec                . = ALIGN (0x4)
                0x000087ec                __fini_array_start = .
 *(.fini_array)
 .fini_array    0x000087ec        0x4 c:/program files (x86)/cypress/psoc creator/4.4/psoc creator/import/gnu/arm/5.4.1/bin/../lib/gcc/arm-none-eabi/5.4.1/armv7-m/crtbegin.o
 *(SORT(.fini_array.*))
                0x000087f0                __fini_array_end = .
                0x000087f0                . = ALIGN (0x4)
 *crtbegin.o(.ctors)
 *(EXCLUDE_FILE(*crtend.o) .ctors)
 *(SORT(.ctors.*))
 *crtend.o(.ctors)
                0x000087f0                . = ALIGN (0x4)
 *crtbegin.o(.dtors)
 *(EXCLUDE_FILE(*crtend.o) .dtors)
 *(SORT(.dtors.*))
 *crtend.o(.dtors)
                0x000087f0                . = ALIGN (0x4)
                0x000087f0                __cy_regions = .
                0x000087f0        0x4 LONG 0x8800 __cy_region_init_ram
                0x000087f4        0x4 LONG 0x1fff80c8 __cy_region_start_data
                0x000087f8        0x4 LONG 0xd0 __cy_region_init_size_ram
                0x000087fc        0x4 LONG 0x5890 __cy_region_zero_size_ram
                0x00008800                __cy_regions_end = .
                0x00008800                . = ALIGN (0x8)
                0x00008800                _etext = .

.cy_checksum_exclude
                0x00008800        0x0
 *(.cy_checksum_exclude)

.ramvectors     0x1fff8000       0xc0
                0x1fff8000                __cy_region_start_ram = .
 *(.ramvectors)
 .ramvectors    0x1fff8000       0xc0 .\CortexM3\ARM_GCC_541\Debug\Cm3Start.o
                0x1fff8000                CyRamVectors

.noinit         0x1fff80c0        0x1
 *(.noinit)
 .noinit        0x1fff80c0        0x1 .\CortexM3\ARM_GCC_541\Debug\Design01.a(CyLib.o)
                0x1fff80c0                CyResetStatus

.data           0x1fff80c8       0xd0 load address 0x00008800
                0x1fff80c8                __cy_region_start_data = .
 *(.jcr)
 .jcr           0x1fff80c8        0x0 c:/program files (x86)/cypress/psoc creator/4.4/psoc creator/import/gnu/arm/5.4.1/bin/../lib/gcc/arm-none-eabi/5.4.1/armv7-m/crtbegin.o
 .jcr           0x1fff80c8        0x4 c:/program files (x86)/cypress/psoc creator/4.4/psoc creator/import/gnu/arm/5.4.1/bin/../lib/gcc/arm-none-eabi/5.4.1/armv7-m/crtend.o
 *(.got.plt)
 *(.got)
 *(.shdata)
 *(.data .data.* .gnu.linkonce.d.*)
 .data          0x1fff80cc       0x18 .\CortexM3\ARM_GCC_541\Debug\main.o
                0x1fff80cc                posX
                0x1fff80d0                posY
                0x1fff80d4                planning_posX
                0x1fff80d8                planning_posY
                0x1fff80dc                current_vowel
 .data          0x1fff80e4        0x4 .\CortexM3\ARM_GCC_541\Debug\Cm3Start.o
 .data          0x1fff80e8       0x10 .\CortexM3\ARM_GCC_541\Debug\Design01.a(CyLib.o)
                0x1fff80e8                cydelay_32k_ms
                0x1fff80ec                cydelay_freq_khz
                0x1fff80f0                cydelay_freq_mhz
                0x1fff80f4                cydelay_freq_hz
 .data.__ctype_ptr__
                0x1fff80f8        0x4 c:/program files (x86)/cypress/psoc creator/4.4/psoc creator/import/gnu/arm/5.4.1/bin/../lib/gcc/arm-none-eabi/5.4.1/../../../../arm-none-eabi/lib/armv7-m\libg_nano.a(lib_a-ctype_.o)
                0x1fff80f8                __ctype_ptr__
 .data.impure_data
                0x1fff80fc       0x60 c:/program files (x86)/cypress/psoc creator/4.4/psoc creator/import/gnu/arm/5.4.1/bin/../lib/gcc/arm-none-eabi/5.4.1/../../../../arm-none-eabi/lib/armv7-m\libg_nano.a(lib_a-impure.o)
 .data._impure_ptr
                0x1fff815c        0x4 c:/program files (x86)/cypress/psoc creator/4.4/psoc creator/import/gnu/arm/5.4.1/bin/../lib/gcc/arm-none-eabi/5.4.1/../../../../arm-none-eabi/lib/armv7-m\libg_nano.a(lib_a-impure.o)
                0x1fff815c                _impure_ptr
 .data.lconv    0x1fff8160       0x38 c:/program files (x86)/cypress/psoc creator/4.4/psoc creator/import/gnu/arm/5.4.1/bin/../lib/gcc/arm-none-eabi/5.4.1/../../../../arm-none-eabi/lib/armv7-m\libg_nano.a(lib_a-locale.o)
                0x1fff8198                . = ALIGN (0x8)
 *(.ram)
                0x1fff8198                _edata = .

.igot.plt       0x1fff8198        0x0 load address 0x000088d0
 .igot.plt      0x1fff8198        0x0 c:/program files (x86)/cypress/psoc creator/4.4/psoc creator/import/gnu/arm/5.4.1/bin/../lib/gcc/arm-none-eabi/5.4.1/armv7-m/crtbegin.o

.bss            0x1fff8198     0x5890 load address 0x000088d0
                0x1fff8198                PROVIDE (__bss_start__, .)
 *(.shbss)
 *(.bss .bss.* .gnu.linkonce.b.*)
 .bss           0x1fff8198       0x1c c:/program files (x86)/cypress/psoc creator/4.4/psoc creator/import/gnu/arm/5.4.1/bin/../lib/gcc/arm-none-eabi/5.4.1/armv7-m/crtbegin.o
 .bss           0x1fff81b4       0x5c .\CortexM3\ARM_GCC_541\Debug\main.o
                0x1fff81b4                variable_count
                0x1fff81b8                assignment_count
                0x1fff81bc                heading_deg
                0x1fff81c0                planning_heading_deg
                0x1fff81c4                ifelse_count
                0x1fff81c8                camera_update_count
                0x1fff81cc                uart_msg_received
                0x1fff81d0                while_definition_count
                0x1fff81d4                cmd_count
                0x1fff81d8                while_cmd_count
                0x1fff81dc                Rx
                0x1fff81dd                rx_index
                0x1fff81e0                current_cmd_idx
                0x1fff81e4                while_context_depth
                0x1fff81e8                while_condition_valid
                0x1fff81ec                request_reset_start
                0x1fff81f0                waiting_for_uart
                0x1fff81f4                camera_updates_consumed
                0x1fff81f8                while_cmd_idx
                0x1fff81fc                executing_while
                0x1fff8200                rx_index_2
                0x1fff8204                cmd_code
                0x1fff8208                start_c2
                0x1fff820c                start_c1
 .bss           0x1fff8210        0x1 .\CortexM3\ARM_GCC_541\Debug\Design01.a(PWM_1.o)
                0x1fff8210                PWM_1_initVar
 .bss           0x1fff8211        0x1 .\CortexM3\ARM_GCC_541\Debug\Design01.a(QuadDec_1.o)
                0x1fff8211                QuadDec_1_initVar
 .bss           0x1fff8212        0x1 .\CortexM3\ARM_GCC_541\Debug\Design01.a(QuadDec_1_Cnt16.o)
                0x1fff8212                QuadDec_1_Cnt16_initVar
 .bss           0x1fff8213        0x2 .\CortexM3\ARM_GCC_541\Debug\Design01.a(UART_1.o)
                0x1fff8213                UART_1_initVar
 .bss           0x1fff8215        0x1 .\CortexM3\ARM_GCC_541\Debug\Design01.a(PWM_2.o)
                0x1fff8215                PWM_2_initVar
 .bss           0x1fff8216        0x1 .\CortexM3\ARM_GCC_541\Debug\Design01.a(QuadDec_2.o)
                0x1fff8216                QuadDec_2_initVar
 .bss           0x1fff8217        0x1 .\CortexM3\ARM_GCC_541\Debug\Design01.a(QuadDec_2_Cnt16.o)
                0x1fff8217                QuadDec_2_Cnt16_initVar
 .bss           0x1fff8218        0x2 .\CortexM3\ARM_GCC_541\Debug\Design01.a(UART_2.o)
                0x1fff8218                UART_2_initVar
 *fill*         0x1fff821a        0x2 
 .bss.__malloc_sbrk_start
                0x1fff821c        0x4 c:/program files (x86)/cypress/psoc creator/4.4/psoc creator/import/gnu/arm/5.4.1/bin/../lib/gcc/arm-none-eabi/5.4.1/../../../../arm-none-eabi/lib/armv7-m\libg_nano.a(lib_a-nano-mallocr.o)
                0x1fff821c                __malloc_sbrk_start
 .bss.__malloc_free_list
                0x1fff8220        0x4 c:/program files (x86)/cypress/psoc creator/4.4/psoc creator/import/gnu/arm/5.4.1/bin/../lib/gcc/arm-none-eabi/5.4.1/../../../../arm-none-eabi/lib/armv7-m\libg_nano.a(lib_a-nano-mallocr.o)
                0x1fff8220                __malloc_free_list
 *(COMMON)
 COMMON         0x1fff8224     0x5800 .\CortexM3\ARM_GCC_541\Debug\main.o
                0x1fff8224                while_expected_value
                0x1fff8238                while_cmd_queue
                0x1fff8418                if_true_body
                0x1fff847c                while_context_stack
                0x1fff9e3c                if_var_name
                0x1fff9e50                cmd_queue
                0x1fffa030                grid
                0x1fffa1c0                rx_buffer_2
                0x1fffa1e8                if_false_body
                0x1fffa24c                debug_frame
                0x1fffa378                rx_buffer
                0x1fffa478                assignment_queue
                0x1fffa928                string_1
                0x1fffa9f0                ifelse_queue
                0x1fffc610                if_expected_value
                0x1fffc624                variables
                0x1fffc7b4                while_body
                0x1fffc818                planning_grid
                0x1fffc9a8                while_var_name
                0x1fffc9bc                while_definitions
 COMMON         0x1fffda24        0x4 c:/program files (x86)/cypress/psoc creator/4.4/psoc creator/import/gnu/arm/5.4.1/bin/../lib/gcc/arm-none-eabi/5.4.1/../../../../arm-none-eabi/lib/armv7-m\libg_nano.a(lib_a-reent.o)
                0x1fffda24                errno
                0x1fffda28                . = ALIGN (0x8)
 *(.ram.b)
                0x1fffda28                _end = .
                0x1fffda28                __end = .
                0x1fffda28                PROVIDE (end, .)
                0x1fffda28                PROVIDE (__bss_end__, .)
                0x00008800                __cy_region_init_ram = LOADADDR (.data)
                0x000000d0                __cy_region_init_size_ram = (_edata - ADDR (.data))
                0x00005890                __cy_region_zero_size_ram = (_end - _edata)

.heap           0x1fffda28       0x80 load address 0x000088d0
                0x1fffda28                . = _end
                0x1fffdaa8                . = (. + 0x80)
 *fill*         0x1fffda28       0x80 
                0x1fffdaa8                __cy_heap_limit = .

.stack          0x20007800      0x800
                0x20007800                __cy_stack_limit = .
                0x20008000                . = (. + 0x800)
 *fill*         0x20007800      0x800 
                0x00000001                ASSERT ((__cy_stack_limit >= __cy_heap_limit), region RAM overflowed with stack)
                0x00000000                cy_checksum_exclude_size = (CY_APPL_LOADABLE == 0x1)?SIZEOF (.cy_checksum_exclude):0x0
                0x00000001                ASSERT ((cy_checksum_exclude_size <= CY_CHECKSUM_EXCLUDE_SIZE), CY_BOOT: Section .cy_checksum_exclude size exceedes specified limit.)

.cyloadermeta
 *(.cyloadermeta)

.cyloadablemeta
 *(.cyloadablemeta)

.cyconfigecc    0x80000000      0xca4
 *(.cyconfigecc)
 .cyconfigecc   0x80000000      0xca4 .\CortexM3\ARM_GCC_541\Debug\cymetadata.o
                0x80000000                cy_meta_configecc

.cycustnvl      0x90000000        0x4
 *(.cycustnvl)
 .cycustnvl     0x90000000        0x4 .\CortexM3\ARM_GCC_541\Debug\cymetadata.o
                0x90000000                cy_meta_custnvl

.cywolatch      0x90100000        0x4
 *(.cywolatch)
 .cywolatch     0x90100000        0x4 .\CortexM3\ARM_GCC_541\Debug\cymetadata.o
                0x90100000                cy_meta_wonvl

.cyeeprom       0x90200000        0x0
 *(.cyeeprom)
                0x00000001                ASSERT ((. <= ((0x90200000 + ee_offset) + ee_size)), .cyeeprom data will not fit in EEPROM)

.cyflashprotect
                0x90400000      0x100
 *(.cyflashprotect)
 .cyflashprotect
                0x90400000      0x100 .\CortexM3\ARM_GCC_541\Debug\cymetadata.o
                0x90400000                cy_meta_flashprotect

.cymeta         0x90500000        0xc
 *(.cymeta)
 .cymeta        0x90500000        0xc .\CortexM3\ARM_GCC_541\Debug\cymetadata.o
                0x90500000                cy_metadata

.rel.dyn        0x000088d0        0x0 load address 0x9050000c
 .rel.iplt      0x000088d0        0x0 c:/program files (x86)/cypress/psoc creator/4.4/psoc creator/import/gnu/arm/5.4.1/bin/../lib/gcc/arm-none-eabi/5.4.1/armv7-m/crtbegin.o

.stab           0x00000000       0x6c
 *(.stab)
 .stab          0x00000000       0x24 c:/program files (x86)/cypress/psoc creator/4.4/psoc creator/import/gnu/arm/5.4.1/bin/../lib/gcc/arm-none-eabi/5.4.1/../../../../arm-none-eabi/lib/armv7-m\libnosys.a(close.o)
 .stab          0x00000024       0x18 c:/program files (x86)/cypress/psoc creator/4.4/psoc creator/import/gnu/arm/5.4.1/bin/../lib/gcc/arm-none-eabi/5.4.1/../../../../arm-none-eabi/lib/armv7-m\libnosys.a(lseek.o)
                                 0x24 (size before relaxing)
 .stab          0x0000003c       0x18 c:/program files (x86)/cypress/psoc creator/4.4/psoc creator/import/gnu/arm/5.4.1/bin/../lib/gcc/arm-none-eabi/5.4.1/../../../../arm-none-eabi/lib/armv7-m\libnosys.a(read.o)
                                 0x24 (size before relaxing)
 .stab          0x00000054       0x18 c:/program files (x86)/cypress/psoc creator/4.4/psoc creator/import/gnu/arm/5.4.1/bin/../lib/gcc/arm-none-eabi/5.4.1/../../../../arm-none-eabi/lib/armv7-m\libnosys.a(write.o)
                                 0x24 (size before relaxing)

.stabstr        0x00000000       0xdf
 *(.stabstr)
 .stabstr       0x00000000       0xdf c:/program files (x86)/cypress/psoc creator/4.4/psoc creator/import/gnu/arm/5.4.1/bin/../lib/gcc/arm-none-eabi/5.4.1/../../../../arm-none-eabi/lib/armv7-m\libnosys.a(close.o)

.debug
 *(.debug)

.line
 *(.line)

.debug_srcinfo
 *(.debug_srcinfo)

.debug_sfnames
 *(.debug_sfnames)

.debug_aranges  0x00000000      0xd58
 *(.debug_aranges)
 .debug_aranges
                0x00000000      0x140 .\CortexM3\ARM_GCC_541\Debug\main.o
 .debug_aranges
                0x00000140       0x58 .\CortexM3\ARM_GCC_541\Debug\cyfitter_cfg.o
 .debug_aranges
                0x00000198       0x18 .\CortexM3\ARM_GCC_541\Debug\cymetadata.o
 .debug_aranges
                0x000001b0       0x48 .\CortexM3\ARM_GCC_541\Debug\Cm3Start.o
 .debug_aranges
                0x000001f8       0x38 .\CortexM3\ARM_GCC_541\Debug\Design01.a(Motor_1_IN_1.o)
 .debug_aranges
                0x00000230       0x38 .\CortexM3\ARM_GCC_541\Debug\Design01.a(Motor_1_IN_2.o)
 .debug_aranges
                0x00000268      0x2a0 .\CortexM3\ARM_GCC_541\Debug\Design01.a(CyLib.o)
 .debug_aranges
                0x00000508       0x98 .\CortexM3\ARM_GCC_541\Debug\Design01.a(cyPm.o)
 .debug_aranges
                0x000005a0       0x78 .\CortexM3\ARM_GCC_541\Debug\Design01.a(PWM_1.o)
 .debug_aranges
                0x00000618       0x60 .\CortexM3\ARM_GCC_541\Debug\Design01.a(QuadDec_1.o)
 .debug_aranges
                0x00000678       0x98 .\CortexM3\ARM_GCC_541\Debug\Design01.a(QuadDec_1_Cnt16.o)
 .debug_aranges
                0x00000710       0xf0 .\CortexM3\ARM_GCC_541\Debug\Design01.a(UART_1.o)
 .debug_aranges
                0x00000800       0x70 .\CortexM3\ARM_GCC_541\Debug\Design01.a(UART_1_IntClock.o)
 .debug_aranges
                0x00000870       0x38 .\CortexM3\ARM_GCC_541\Debug\Design01.a(Motor_2_IN_3.o)
 .debug_aranges
                0x000008a8       0x38 .\CortexM3\ARM_GCC_541\Debug\Design01.a(Motor_2_IN_4.o)
 .debug_aranges
                0x000008e0       0x78 .\CortexM3\ARM_GCC_541\Debug\Design01.a(PWM_2.o)
 .debug_aranges
                0x00000958       0x60 .\CortexM3\ARM_GCC_541\Debug\Design01.a(QuadDec_2.o)
 .debug_aranges
                0x000009b8       0x98 .\CortexM3\ARM_GCC_541\Debug\Design01.a(QuadDec_2_Cnt16.o)
 .debug_aranges
                0x00000a50       0x80 .\CortexM3\ARM_GCC_541\Debug\Design01.a(isr_1.o)
 .debug_aranges
                0x00000ad0       0xf0 .\CortexM3\ARM_GCC_541\Debug\Design01.a(UART_2.o)
 .debug_aranges
                0x00000bc0       0x70 .\CortexM3\ARM_GCC_541\Debug\Design01.a(UART_2_IntClock.o)
 .debug_aranges
                0x00000c30       0x20 .\CortexM3\ARM_GCC_541\Debug\Design01.a(CyBootAsmGnu.o)
 .debug_aranges
                0x00000c50       0x88 .\CortexM3\ARM_GCC_541\Debug\Design01.a(CyFlash.o)
 .debug_aranges
                0x00000cd8       0x80 .\CortexM3\ARM_GCC_541\Debug\Design01.a(CySpc.o)

.debug_pubnames
 *(.debug_pubnames)

.debug_info     0x00000000     0x9ca8
 *(.debug_info .gnu.linkonce.wi.*)
 .debug_info    0x00000000     0x3e56 .\CortexM3\ARM_GCC_541\Debug\main.o
 .debug_info    0x00003e56      0x5cb .\CortexM3\ARM_GCC_541\Debug\cyfitter_cfg.o
 .debug_info    0x00004421      0x139 .\CortexM3\ARM_GCC_541\Debug\cymetadata.o
 .debug_info    0x0000455a      0x3bb .\CortexM3\ARM_GCC_541\Debug\Cm3Start.o
 .debug_info    0x00004915      0x11f .\CortexM3\ARM_GCC_541\Debug\Design01.a(Motor_1_IN_1.o)
 .debug_info    0x00004a34      0x11f .\CortexM3\ARM_GCC_541\Debug\Design01.a(Motor_1_IN_2.o)
 .debug_info    0x00004b53     0x1374 .\CortexM3\ARM_GCC_541\Debug\Design01.a(CyLib.o)
 .debug_info    0x00005ec7      0xa2a .\CortexM3\ARM_GCC_541\Debug\Design01.a(cyPm.o)
 .debug_info    0x000068f1      0x27f .\CortexM3\ARM_GCC_541\Debug\Design01.a(PWM_1.o)
 .debug_info    0x00006b70      0x2d4 .\CortexM3\ARM_GCC_541\Debug\Design01.a(QuadDec_1.o)
 .debug_info    0x00006e44      0x348 .\CortexM3\ARM_GCC_541\Debug\Design01.a(QuadDec_1_Cnt16.o)
 .debug_info    0x0000718c      0x60c .\CortexM3\ARM_GCC_541\Debug\Design01.a(UART_1.o)
 .debug_info    0x00007798      0x283 .\CortexM3\ARM_GCC_541\Debug\Design01.a(UART_1_IntClock.o)
 .debug_info    0x00007a1b      0x11f .\CortexM3\ARM_GCC_541\Debug\Design01.a(Motor_2_IN_3.o)
 .debug_info    0x00007b3a      0x11f .\CortexM3\ARM_GCC_541\Debug\Design01.a(Motor_2_IN_4.o)
 .debug_info    0x00007c59      0x27f .\CortexM3\ARM_GCC_541\Debug\Design01.a(PWM_2.o)
 .debug_info    0x00007ed8      0x2d4 .\CortexM3\ARM_GCC_541\Debug\Design01.a(QuadDec_2.o)
 .debug_info    0x000081ac      0x348 .\CortexM3\ARM_GCC_541\Debug\Design01.a(QuadDec_2_Cnt16.o)
 .debug_info    0x000084f4      0x2d2 .\CortexM3\ARM_GCC_541\Debug\Design01.a(isr_1.o)
 .debug_info    0x000087c6      0x60c .\CortexM3\ARM_GCC_541\Debug\Design01.a(UART_2.o)
 .debug_info    0x00008dd2      0x283 .\CortexM3\ARM_GCC_541\Debug\Design01.a(UART_2_IntClock.o)
 .debug_info    0x00009055       0xb6 .\CortexM3\ARM_GCC_541\Debug\Design01.a(CyBootAsmGnu.o)
 .debug_info    0x0000910b      0x64d .\CortexM3\ARM_GCC_541\Debug\Design01.a(CyFlash.o)
 .debug_info    0x00009758      0x550 .\CortexM3\ARM_GCC_541\Debug\Design01.a(CySpc.o)

.debug_abbrev   0x00000000     0x1f46
 *(.debug_abbrev)
 .debug_abbrev  0x00000000      0x353 .\CortexM3\ARM_GCC_541\Debug\main.o
 .debug_abbrev  0x00000353      0x20d .\CortexM3\ARM_GCC_541\Debug\cyfitter_cfg.o
 .debug_abbrev  0x00000560       0x77 .\CortexM3\ARM_GCC_541\Debug\cymetadata.o
 .debug_abbrev  0x000005d7      0x1e8 .\CortexM3\ARM_GCC_541\Debug\Cm3Start.o
 .debug_abbrev  0x000007bf       0x90 .\CortexM3\ARM_GCC_541\Debug\Design01.a(Motor_1_IN_1.o)
 .debug_abbrev  0x0000084f       0x90 .\CortexM3\ARM_GCC_541\Debug\Design01.a(Motor_1_IN_2.o)
 .debug_abbrev  0x000008df      0x254 .\CortexM3\ARM_GCC_541\Debug\Design01.a(CyLib.o)
 .debug_abbrev  0x00000b33      0x1ab .\CortexM3\ARM_GCC_541\Debug\Design01.a(cyPm.o)
 .debug_abbrev  0x00000cde      0x12d .\CortexM3\ARM_GCC_541\Debug\Design01.a(PWM_1.o)
 .debug_abbrev  0x00000e0b      0x151 .\CortexM3\ARM_GCC_541\Debug\Design01.a(QuadDec_1.o)
 .debug_abbrev  0x00000f5c      0x117 .\CortexM3\ARM_GCC_541\Debug\Design01.a(QuadDec_1_Cnt16.o)
 .debug_abbrev  0x00001073      0x175 .\CortexM3\ARM_GCC_541\Debug\Design01.a(UART_1.o)
 .debug_abbrev  0x000011e8      0x139 .\CortexM3\ARM_GCC_541\Debug\Design01.a(UART_1_IntClock.o)
 .debug_abbrev  0x00001321       0x90 .\CortexM3\ARM_GCC_541\Debug\Design01.a(Motor_2_IN_3.o)
 .debug_abbrev  0x000013b1       0x90 .\CortexM3\ARM_GCC_541\Debug\Design01.a(Motor_2_IN_4.o)
 .debug_abbrev  0x00001441      0x12d .\CortexM3\ARM_GCC_541\Debug\Design01.a(PWM_2.o)
 .debug_abbrev  0x0000156e      0x151 .\CortexM3\ARM_GCC_541\Debug\Design01.a(QuadDec_2.o)
 .debug_abbrev  0x000016bf      0x117 .\CortexM3\ARM_GCC_541\Debug\Design01.a(QuadDec_2_Cnt16.o)
 .debug_abbrev  0x000017d6      0x173 .\CortexM3\ARM_GCC_541\Debug\Design01.a(isr_1.o)
 .debug_abbrev  0x00001949      0x175 .\CortexM3\ARM_GCC_541\Debug\Design01.a(UART_2.o)
 .debug_abbrev  0x00001abe      0x139 .\CortexM3\ARM_GCC_541\Debug\Design01.a(UART_2_IntClock.o)
 .debug_abbrev  0x00001bf7       0x14 .\CortexM3\ARM_GCC_541\Debug\Design01.a(CyBootAsmGnu.o)
 .debug_abbrev  0x00001c0b      0x1a7 .\CortexM3\ARM_GCC_541\Debug\Design01.a(CyFlash.o)
 .debug_abbrev  0x00001db2      0x194 .\CortexM3\ARM_GCC_541\Debug\Design01.a(CySpc.o)

.debug_line     0x00000000     0x39d5
 *(.debug_line)
 .debug_line    0x00000000     0x1035 .\CortexM3\ARM_GCC_541\Debug\main.o
 .debug_line    0x00001035      0x1fc .\CortexM3\ARM_GCC_541\Debug\cyfitter_cfg.o
 .debug_line    0x00001231      0x141 .\CortexM3\ARM_GCC_541\Debug\cymetadata.o
 .debug_line    0x00001372      0x234 .\CortexM3\ARM_GCC_541\Debug\Cm3Start.o
 .debug_line    0x000015a6       0x99 .\CortexM3\ARM_GCC_541\Debug\Design01.a(Motor_1_IN_1.o)
 .debug_line    0x0000163f       0x99 .\CortexM3\ARM_GCC_541\Debug\Design01.a(Motor_1_IN_2.o)
 .debug_line    0x000016d8      0x816 .\CortexM3\ARM_GCC_541\Debug\Design01.a(CyLib.o)
 .debug_line    0x00001eee      0x367 .\CortexM3\ARM_GCC_541\Debug\Design01.a(cyPm.o)
 .debug_line    0x00002255      0x133 .\CortexM3\ARM_GCC_541\Debug\Design01.a(PWM_1.o)
 .debug_line    0x00002388      0x11e .\CortexM3\ARM_GCC_541\Debug\Design01.a(QuadDec_1.o)
 .debug_line    0x000024a6      0x18f .\CortexM3\ARM_GCC_541\Debug\Design01.a(QuadDec_1_Cnt16.o)
 .debug_line    0x00002635      0x2c0 .\CortexM3\ARM_GCC_541\Debug\Design01.a(UART_1.o)
 .debug_line    0x000028f5      0x17e .\CortexM3\ARM_GCC_541\Debug\Design01.a(UART_1_IntClock.o)
 .debug_line    0x00002a73       0x99 .\CortexM3\ARM_GCC_541\Debug\Design01.a(Motor_2_IN_3.o)
 .debug_line    0x00002b0c       0x99 .\CortexM3\ARM_GCC_541\Debug\Design01.a(Motor_2_IN_4.o)
 .debug_line    0x00002ba5      0x133 .\CortexM3\ARM_GCC_541\Debug\Design01.a(PWM_2.o)
 .debug_line    0x00002cd8      0x11e .\CortexM3\ARM_GCC_541\Debug\Design01.a(QuadDec_2.o)
 .debug_line    0x00002df6      0x18f .\CortexM3\ARM_GCC_541\Debug\Design01.a(QuadDec_2_Cnt16.o)
 .debug_line    0x00002f85      0x132 .\CortexM3\ARM_GCC_541\Debug\Design01.a(isr_1.o)
 .debug_line    0x000030b7      0x2c0 .\CortexM3\ARM_GCC_541\Debug\Design01.a(UART_2.o)
 .debug_line    0x00003377      0x17e .\CortexM3\ARM_GCC_541\Debug\Design01.a(UART_2_IntClock.o)
 .debug_line    0x000034f5       0x66 .\CortexM3\ARM_GCC_541\Debug\Design01.a(CyBootAsmGnu.o)
 .debug_line    0x0000355b      0x21a .\CortexM3\ARM_GCC_541\Debug\Design01.a(CyFlash.o)
 .debug_line    0x00003775      0x260 .\CortexM3\ARM_GCC_541\Debug\Design01.a(CySpc.o)

.debug_frame    0x00000000     0x343c
 *(.debug_frame)
 .debug_frame   0x00000000      0x55c .\CortexM3\ARM_GCC_541\Debug\main.o
 .debug_frame   0x0000055c       0xe4 .\CortexM3\ARM_GCC_541\Debug\cyfitter_cfg.o
 .debug_frame   0x00000640       0xb8 .\CortexM3\ARM_GCC_541\Debug\Cm3Start.o
 .debug_frame   0x000006f8       0x50 .\CortexM3\ARM_GCC_541\Debug\Design01.a(Motor_1_IN_1.o)
 .debug_frame   0x00000748       0x50 .\CortexM3\ARM_GCC_541\Debug\Design01.a(Motor_1_IN_2.o)
 .debug_frame   0x00000798      0x738 .\CortexM3\ARM_GCC_541\Debug\Design01.a(CyLib.o)
 .debug_frame   0x00000ed0      0x1f8 .\CortexM3\ARM_GCC_541\Debug\Design01.a(cyPm.o)
 .debug_frame   0x000010c8       0xe8 .\CortexM3\ARM_GCC_541\Debug\Design01.a(PWM_1.o)
 .debug_frame   0x000011b0       0xdc .\CortexM3\ARM_GCC_541\Debug\Design01.a(QuadDec_1.o)
 .debug_frame   0x0000128c      0x134 .\CortexM3\ARM_GCC_541\Debug\Design01.a(QuadDec_1_Cnt16.o)
 .debug_frame   0x000013c0      0x250 .\CortexM3\ARM_GCC_541\Debug\Design01.a(UART_1.o)
 .debug_frame   0x00001610       0xe0 .\CortexM3\ARM_GCC_541\Debug\Design01.a(UART_1_IntClock.o)
 .debug_frame   0x000016f0       0x50 .\CortexM3\ARM_GCC_541\Debug\Design01.a(Motor_2_IN_3.o)
 .debug_frame   0x00001740       0x50 .\CortexM3\ARM_GCC_541\Debug\Design01.a(Motor_2_IN_4.o)
 .debug_frame   0x00001790       0xe8 .\CortexM3\ARM_GCC_541\Debug\Design01.a(PWM_2.o)
 .debug_frame   0x00001878       0xdc .\CortexM3\ARM_GCC_541\Debug\Design01.a(QuadDec_2.o)
 .debug_frame   0x00001954      0x134 .\CortexM3\ARM_GCC_541\Debug\Design01.a(QuadDec_2_Cnt16.o)
 .debug_frame   0x00001a88      0x104 .\CortexM3\ARM_GCC_541\Debug\Design01.a(isr_1.o)
 .debug_frame   0x00001b8c      0x250 .\CortexM3\ARM_GCC_541\Debug\Design01.a(UART_2.o)
 .debug_frame   0x00001ddc       0xe0 .\CortexM3\ARM_GCC_541\Debug\Design01.a(UART_2_IntClock.o)
 .debug_frame   0x00001ebc      0x194 .\CortexM3\ARM_GCC_541\Debug\Design01.a(CyFlash.o)
 .debug_frame   0x00002050      0x180 .\CortexM3\ARM_GCC_541\Debug\Design01.a(CySpc.o)
 .debug_frame   0x000021d0       0x34 c:/program files (x86)/cypress/psoc creator/4.4/psoc creator/import/gnu/arm/5.4.1/bin/../lib/gcc/arm-none-eabi/5.4.1/../../../../arm-none-eabi/lib/armv7-m\libm.a(lib_a-sf_cos.o)
 .debug_frame   0x00002204       0x28 c:/program files (x86)/cypress/psoc creator/4.4/psoc creator/import/gnu/arm/5.4.1/bin/../lib/gcc/arm-none-eabi/5.4.1/../../../../arm-none-eabi/lib/armv7-m\libm.a(lib_a-sf_lround.o)
 .debug_frame   0x0000222c       0x34 c:/program files (x86)/cypress/psoc creator/4.4/psoc creator/import/gnu/arm/5.4.1/bin/../lib/gcc/arm-none-eabi/5.4.1/../../../../arm-none-eabi/lib/armv7-m\libm.a(lib_a-sf_sin.o)
 .debug_frame   0x00002260       0x48 c:/program files (x86)/cypress/psoc creator/4.4/psoc creator/import/gnu/arm/5.4.1/bin/../lib/gcc/arm-none-eabi/5.4.1/../../../../arm-none-eabi/lib/armv7-m\libm.a(lib_a-ef_rem_pio2.o)
 .debug_frame   0x000022a8       0x34 c:/program files (x86)/cypress/psoc creator/4.4/psoc creator/import/gnu/arm/5.4.1/bin/../lib/gcc/arm-none-eabi/5.4.1/../../../../arm-none-eabi/lib/armv7-m\libm.a(lib_a-kf_cos.o)
 .debug_frame   0x000022dc       0x50 c:/program files (x86)/cypress/psoc creator/4.4/psoc creator/import/gnu/arm/5.4.1/bin/../lib/gcc/arm-none-eabi/5.4.1/../../../../arm-none-eabi/lib/armv7-m\libm.a(lib_a-kf_rem_pio2.o)
 .debug_frame   0x0000232c       0x34 c:/program files (x86)/cypress/psoc creator/4.4/psoc creator/import/gnu/arm/5.4.1/bin/../lib/gcc/arm-none-eabi/5.4.1/../../../../arm-none-eabi/lib/armv7-m\libm.a(lib_a-kf_sin.o)
 .debug_frame   0x00002360       0x20 c:/program files (x86)/cypress/psoc creator/4.4/psoc creator/import/gnu/arm/5.4.1/bin/../lib/gcc/arm-none-eabi/5.4.1/../../../../arm-none-eabi/lib/armv7-m\libm.a(lib_a-sf_fabs.o)
 .debug_frame   0x00002380       0x30 c:/program files (x86)/cypress/psoc creator/4.4/psoc creator/import/gnu/arm/5.4.1/bin/../lib/gcc/arm-none-eabi/5.4.1/../../../../arm-none-eabi/lib/armv7-m\libm.a(lib_a-sf_floor.o)
 .debug_frame   0x000023b0       0x2c c:/program files (x86)/cypress/psoc creator/4.4/psoc creator/import/gnu/arm/5.4.1/bin/../lib/gcc/arm-none-eabi/5.4.1/../../../../arm-none-eabi/lib/armv7-m\libm.a(lib_a-sf_scalbn.o)
 .debug_frame   0x000023dc       0x20 c:/program files (x86)/cypress/psoc creator/4.4/psoc creator/import/gnu/arm/5.4.1/bin/../lib/gcc/arm-none-eabi/5.4.1/../../../../arm-none-eabi/lib/armv7-m\libm.a(lib_a-sf_copysign.o)
 .debug_frame   0x000023fc       0x20 c:/program files (x86)/cypress/psoc creator/4.4/psoc creator/import/gnu/arm/5.4.1/bin/../lib/gcc/arm-none-eabi/5.4.1/../../../../arm-none-eabi/lib/armv7-m\libg_nano.a(lib_a-atof.o)
 .debug_frame   0x0000241c       0x30 c:/program files (x86)/cypress/psoc creator/4.4/psoc creator/import/gnu/arm/5.4.1/bin/../lib/gcc/arm-none-eabi/5.4.1/../../../../arm-none-eabi/lib/armv7-m\libg_nano.a(lib_a-atoi.o)
 .debug_frame   0x0000244c       0x20 c:/program files (x86)/cypress/psoc creator/4.4/psoc creator/import/gnu/arm/5.4.1/bin/../lib/gcc/arm-none-eabi/5.4.1/../../../../arm-none-eabi/lib/armv7-m\libg_nano.a(lib_a-errno.o)
 .debug_frame   0x0000246c       0x28 c:/program files (x86)/cypress/psoc creator/4.4/psoc creator/import/gnu/arm/5.4.1/bin/../lib/gcc/arm-none-eabi/5.4.1/../../../../arm-none-eabi/lib/armv7-m\libg_nano.a(lib_a-exit.o)
 .debug_frame   0x00002494       0x2c c:/program files (x86)/cypress/psoc creator/4.4/psoc creator/import/gnu/arm/5.4.1/bin/../lib/gcc/arm-none-eabi/5.4.1/../../../../arm-none-eabi/lib/armv7-m\libg_nano.a(lib_a-init.o)
 .debug_frame   0x000024c0       0x28 c:/program files (x86)/cypress/psoc creator/4.4/psoc creator/import/gnu/arm/5.4.1/bin/../lib/gcc/arm-none-eabi/5.4.1/../../../../arm-none-eabi/lib/armv7-m\libg_nano.a(lib_a-memcpy-stub.o)
 .debug_frame   0x000024e8       0x20 c:/program files (x86)/cypress/psoc creator/4.4/psoc creator/import/gnu/arm/5.4.1/bin/../lib/gcc/arm-none-eabi/5.4.1/../../../../arm-none-eabi/lib/armv7-m\libg_nano.a(lib_a-memset.o)
 .debug_frame   0x00002508       0x74 c:/program files (x86)/cypress/psoc creator/4.4/psoc creator/import/gnu/arm/5.4.1/bin/../lib/gcc/arm-none-eabi/5.4.1/../../../../arm-none-eabi/lib/armv7-m\libg_nano.a(lib_a-snprintf.o)
 .debug_frame   0x0000257c       0x70 c:/program files (x86)/cypress/psoc creator/4.4/psoc creator/import/gnu/arm/5.4.1/bin/../lib/gcc/arm-none-eabi/5.4.1/../../../../arm-none-eabi/lib/armv7-m\libg_nano.a(lib_a-sprintf.o)
 .debug_frame   0x000025ec       0x80 c:/program files (x86)/cypress/psoc creator/4.4/psoc creator/import/gnu/arm/5.4.1/bin/../lib/gcc/arm-none-eabi/5.4.1/../../../../arm-none-eabi/lib/armv7-m\libg_nano.a(lib_a-sscanf.o)
 .debug_frame   0x0000266c       0x88 c:/program files (x86)/cypress/psoc creator/4.4/psoc creator/import/gnu/arm/5.4.1/bin/../lib/gcc/arm-none-eabi/5.4.1/../../../../arm-none-eabi/lib/armv7-m\libg_nano.a(lib_a-stdio.o)
 .debug_frame   0x000026f4       0x20 c:/program files (x86)/cypress/psoc creator/4.4/psoc creator/import/gnu/arm/5.4.1/bin/../lib/gcc/arm-none-eabi/5.4.1/../../../../arm-none-eabi/lib/armv7-m\libg_nano.a(lib_a-strcmp.o)
 .debug_frame   0x00002714       0x20 c:/program files (x86)/cypress/psoc creator/4.4/psoc creator/import/gnu/arm/5.4.1/bin/../lib/gcc/arm-none-eabi/5.4.1/../../../../arm-none-eabi/lib/armv7-m\libg_nano.a(lib_a-strcpy.o)
 .debug_frame   0x00002734       0x2c c:/program files (x86)/cypress/psoc creator/4.4/psoc creator/import/gnu/arm/5.4.1/bin/../lib/gcc/arm-none-eabi/5.4.1/../../../../arm-none-eabi/lib/armv7-m\libg_nano.a(lib_a-strncmp.o)
 .debug_frame   0x00002760       0x28 c:/program files (x86)/cypress/psoc creator/4.4/psoc creator/import/gnu/arm/5.4.1/bin/../lib/gcc/arm-none-eabi/5.4.1/../../../../arm-none-eabi/lib/armv7-m\libg_nano.a(lib_a-strncpy.o)
 .debug_frame   0x00002788       0x98 c:/program files (x86)/cypress/psoc creator/4.4/psoc creator/import/gnu/arm/5.4.1/bin/../lib/gcc/arm-none-eabi/5.4.1/../../../../arm-none-eabi/lib/armv7-m\libg_nano.a(lib_a-strtod.o)
 .debug_frame   0x00002820       0x44 c:/program files (x86)/cypress/psoc creator/4.4/psoc creator/import/gnu/arm/5.4.1/bin/../lib/gcc/arm-none-eabi/5.4.1/../../../../arm-none-eabi/lib/armv7-m\libg_nano.a(lib_a-strtol.o)
 .debug_frame   0x00002864       0x48 c:/program files (x86)/cypress/psoc creator/4.4/psoc creator/import/gnu/arm/5.4.1/bin/../lib/gcc/arm-none-eabi/5.4.1/../../../../arm-none-eabi/lib/armv7-m\libg_nano.a(lib_a-vsnprintf.o)
 .debug_frame   0x000028ac       0x2c c:/program files (x86)/cypress/psoc creator/4.4/psoc creator/import/gnu/arm/5.4.1/bin/../lib/gcc/arm-none-eabi/5.4.1/../../../../arm-none-eabi/lib/armv7-m\libg_nano.a(lib_a-writer.o)
 .debug_frame   0x000028d8       0x2c c:/program files (x86)/cypress/psoc creator/4.4/psoc creator/import/gnu/arm/5.4.1/bin/../lib/gcc/arm-none-eabi/5.4.1/../../../../arm-none-eabi/lib/armv7-m\libg_nano.a(lib_a-closer.o)